stm32f103c6_EXTI_driver.c:22:6:MCAL_EXTI_GPIO_Deinit	4	static
stm32f103c6_EXTI_driver.c:46:6:MCAL_NVIC_Enable	16	static
stm32f103c6_EXTI_driver.c:90:6:MCAL_NVIC_Disable	16	static
stm32f103c6_EXTI_driver.c:138:6:MCAL_EXTI_GPIO_Init	16	static
stm32f103c6_EXTI_driver.c:154:6:MCAL_EXTI_GPIO_Update	24	static
stm32f103c6_EXTI_driver.c:227:6:EXTI0_IRQHandler	8	static
stm32f103c6_EXTI_driver.c:234:6:EXTI1_IRQHandler	8	static
stm32f103c6_EXTI_driver.c:240:6:EXTI2_IRQHandler	8	static
stm32f103c6_EXTI_driver.c:246:6:EXTI3_IRQHandler	8	static
stm32f103c6_EXTI_driver.c:252:6:EXTI4_IRQHandler	8	static
stm32f103c6_EXTI_driver.c:258:6:EXTI9_5_IRQHandler	8	static
stm32f103c6_EXTI_driver.c:267:6:EXTI15_10_IRQHandler	8	static
