
Memory Configuration

Name             Origin             Length             Attributes
flash            0x08000000         0x00020000         xr
sram             0x20000000         0x00005000         xrw
*default*        0x00000000         0xffffffff

Linker script and memory map


.text           0x08000000      0x21c
 *(.vectors*)
 .vectors       0x08000000       0x1c startup.o
                0x08000000                vectors
 *(.text*)
 .text          0x0800001c       0x30 alarm_driver.o
                0x0800001c                timer_state
 .text          0x0800004c       0xc4 driver.o
                0x0800004c                Delay
                0x0800006e                getPressureVal
                0x08000084                Set_Alarm_actuator
                0x080000c0                GPIO_INITIALIZATION
 .text          0x08000110       0x44 high_pressure_detector.o
                0x08000110                read_from_sensor
                0x0800012c                high_pressure_detect
 .text          0x08000154       0x16 main.o
                0x08000154                main
 *fill*         0x0800016a        0x2 
 .text          0x0800016c       0x18 sensor_driver.o
                0x0800016c                pressure_sensor_read
 .text          0x08000184       0x98 startup.o
                0x08000184                MM_Fault_Handler
                0x08000184                Bus_Fault
                0x08000184                Default_Handler
                0x08000184                Usage_Fault_Handler
                0x08000184                NMI_Handeler
                0x08000184                H_Fault_Handler
                0x08000190                Rest_Handler
 *(.rodata)
                0x0800021c                        _E_text = .

.glue_7         0x0800021c        0x0
 .glue_7        0x0800021c        0x0 linker stubs

.glue_7t        0x0800021c        0x0
 .glue_7t       0x0800021c        0x0 linker stubs

.vfp11_veneer   0x0800021c        0x0
 .vfp11_veneer  0x0800021c        0x0 linker stubs

.v4_bx          0x0800021c        0x0
 .v4_bx         0x0800021c        0x0 linker stubs

.iplt           0x0800021c        0x0
 .iplt          0x0800021c        0x0 alarm_driver.o

.rel.dyn        0x0800021c        0x0
 .rel.iplt      0x0800021c        0x0 alarm_driver.o

.data           0x20000000        0x4 load address 0x0800021c
                0x20000000                        _S_Data = .
 *(.data)
 .data          0x20000000        0x0 alarm_driver.o
 .data          0x20000000        0x0 driver.o
 .data          0x20000000        0x4 high_pressure_detector.o
                0x20000000                limit
 .data          0x20000004        0x0 main.o
 .data          0x20000004        0x0 sensor_driver.o
 .data          0x20000004        0x0 startup.o
                0x20000004                        _E_Data = .

.igot.plt       0x20000004        0x0 load address 0x08000220
 .igot.plt      0x20000004        0x0 alarm_driver.o

.bss            0x20000004     0x100c load address 0x08000220
                0x20000004                        _S_bss = .
 *(.bss*)
 .bss           0x20000004        0x4 alarm_driver.o
                0x20000004                alarm_state
 .bss           0x20000008        0x0 driver.o
 .bss           0x20000008        0x4 high_pressure_detector.o
                0x20000008                sys_pressure
 .bss           0x2000000c        0x0 main.o
 .bss           0x2000000c        0x4 sensor_driver.o
                0x2000000c                pressure_val
 .bss           0x20000010        0x0 startup.o
                0x20000010                        . = ALIGN (0x4)
                0x20000010                        _E_bss = .
                0x20000010                        . = ALIGN (0x4)
                0x20001010                        . = (. + 0x1000)
 *fill*         0x20000010     0x1000 
                0x20001010                        _stack_top = .
LOAD alarm_driver.o
LOAD driver.o
LOAD high_pressure_detector.o
LOAD main.o
LOAD sensor_driver.o
LOAD startup.o
OUTPUT(pressure_controller.elf elf32-littlearm)
LOAD linker stubs

.debug_info     0x00000000      0x56d
 .debug_info    0x00000000       0xcb alarm_driver.o
 .debug_info    0x000000cb      0x112 driver.o
 .debug_info    0x000001dd       0x91 high_pressure_detector.o
 .debug_info    0x0000026e       0xd4 main.o
 .debug_info    0x00000342       0x7b sensor_driver.o
 .debug_info    0x000003bd      0x1b0 startup.o

.debug_abbrev   0x00000000      0x37d
 .debug_abbrev  0x00000000       0x77 alarm_driver.o
 .debug_abbrev  0x00000077       0xc3 driver.o
 .debug_abbrev  0x0000013a       0x77 high_pressure_detector.o
 .debug_abbrev  0x000001b1       0x5c main.o
 .debug_abbrev  0x0000020d       0x77 sensor_driver.o
 .debug_abbrev  0x00000284       0xf9 startup.o

.debug_loc      0x00000000      0x2c8
 .debug_loc     0x00000000       0x2c alarm_driver.o
 .debug_loc     0x0000002c      0x140 driver.o
 .debug_loc     0x0000016c       0x88 high_pressure_detector.o
 .debug_loc     0x000001f4       0x2c main.o
 .debug_loc     0x00000220       0x2c sensor_driver.o
 .debug_loc     0x0000024c       0x7c startup.o

.debug_aranges  0x00000000       0xc0
 .debug_aranges
                0x00000000       0x20 alarm_driver.o
 .debug_aranges
                0x00000020       0x20 driver.o
 .debug_aranges
                0x00000040       0x20 high_pressure_detector.o
 .debug_aranges
                0x00000060       0x20 main.o
 .debug_aranges
                0x00000080       0x20 sensor_driver.o
 .debug_aranges
                0x000000a0       0x20 startup.o

.debug_line     0x00000000      0x4ae
 .debug_line    0x00000000       0x4e alarm_driver.o
 .debug_line    0x0000004e      0x178 driver.o
 .debug_line    0x000001c6       0x60 high_pressure_detector.o
 .debug_line    0x00000226       0x9e main.o
 .debug_line    0x000002c4       0x4a sensor_driver.o
 .debug_line    0x0000030e      0x1a0 startup.o

.debug_str      0x00000000      0x29b
 .debug_str     0x00000000      0x110 alarm_driver.o
 .debug_str     0x00000110       0x91 driver.o
                                0x1b0 (size before relaxing)
 .debug_str     0x000001a1       0x4a high_pressure_detector.o
                                0x11a (size before relaxing)
 .debug_str     0x000001eb       0x21 main.o
                                0x1a2 (size before relaxing)
 .debug_str     0x0000020c       0x10 sensor_driver.o
                                 0xfc (size before relaxing)
 .debug_str     0x0000021c       0x7f startup.o
                                0x1d7 (size before relaxing)

.comment        0x00000000       0x55
 .comment       0x00000000       0x55 alarm_driver.o
                                 0x56 (size before relaxing)
 .comment       0x00000055       0x56 driver.o
 .comment       0x00000055       0x56 high_pressure_detector.o
 .comment       0x00000055       0x56 main.o
 .comment       0x00000055       0x56 sensor_driver.o
 .comment       0x00000055       0x56 startup.o

.ARM.attributes
                0x00000000       0x2d
 .ARM.attributes
                0x00000000       0x2d alarm_driver.o
 .ARM.attributes
                0x0000002d       0x2d driver.o
 .ARM.attributes
                0x0000005a       0x2d high_pressure_detector.o
 .ARM.attributes
                0x00000087       0x2d main.o
 .ARM.attributes
                0x000000b4       0x2d sensor_driver.o
 .ARM.attributes
                0x000000e1       0x2d startup.o

.debug_frame    0x00000000      0x1c4
 .debug_frame   0x00000000       0x2c alarm_driver.o
 .debug_frame   0x0000002c       0xa0 driver.o
 .debug_frame   0x000000cc       0x50 high_pressure_detector.o
 .debug_frame   0x0000011c       0x2c main.o
 .debug_frame   0x00000148       0x2c sensor_driver.o
 .debug_frame   0x00000174       0x50 startup.o
