
Memory Configuration

Name             Origin             Length             Attributes
flash            0x08000000         0x00020000         xr
sram             0x20000000         0x00005000         xrw
*default*        0x00000000         0xffffffff

Linker script and memory map


.text           0x08000000       0xf4
 *(.vectors*)
 .vectors       0x08000000       0x1c startup.o
                0x08000000                vectors
 *(.text*)
 .text          0x0800001c       0x90 main.o
                0x0800001c                main
 .text          0x080000ac       0x48 startup.o
                0x080000ac                Rest_Handler
                0x080000b8                NMI_Handeler
                0x080000c4                H_Fault_Handler
                0x080000d0                MM_Fault_Handler
                0x080000dc                Bus_Fault
                0x080000e8                Usage_Fault_Handler

.data           0x080000f4        0x0
 .data          0x080000f4        0x0 main.o
 .data          0x080000f4        0x0 startup.o

.igot.plt       0x080000f4        0x0
 .igot.plt      0x080000f4        0x0 main.o

.glue_7         0x080000f4        0x0
 .glue_7        0x080000f4        0x0 linker stubs

.glue_7t        0x080000f4        0x0
 .glue_7t       0x080000f4        0x0 linker stubs

.vfp11_veneer   0x080000f4        0x0
 .vfp11_veneer  0x080000f4        0x0 linker stubs

.v4_bx          0x080000f4        0x0
 .v4_bx         0x080000f4        0x0 linker stubs

.iplt           0x080000f4        0x0
 .iplt          0x080000f4        0x0 main.o

.rel.dyn        0x080000f4        0x0
 .rel.iplt      0x080000f4        0x0 main.o

.bss            0x20000000        0x4
 *(.bss*)
 .bss           0x20000000        0x4 main.o
                0x20000000                i
 .bss           0x20000004        0x0 startup.o
LOAD main.o
LOAD startup.o
OUTPUT(lesson3_lab1.elf elf32-littlearm)
LOAD linker stubs

.debug_info     0x00000000      0x1f0
 .debug_info    0x00000000       0xb0 main.o
 .debug_info    0x000000b0      0x140 startup.o

.debug_abbrev   0x00000000       0xf5
 .debug_abbrev  0x00000000       0x68 main.o
 .debug_abbrev  0x00000068       0x8d startup.o

.debug_loc      0x00000000      0x134
 .debug_loc     0x00000000       0x2c main.o
 .debug_loc     0x0000002c      0x108 startup.o

.debug_aranges  0x00000000       0x40
 .debug_aranges
                0x00000000       0x20 main.o
 .debug_aranges
                0x00000020       0x20 startup.o

.debug_line     0x00000000      0x2c1
 .debug_line    0x00000000      0x16a main.o
 .debug_line    0x0000016a      0x157 startup.o

.debug_str      0x00000000      0x19a
 .debug_str     0x00000000      0x12f main.o
                                0x16c (size before relaxing)
 .debug_str     0x0000012f       0x6b startup.o
                                0x1d0 (size before relaxing)

.comment        0x00000000       0x55
 .comment       0x00000000       0x55 main.o
                                 0x56 (size before relaxing)
 .comment       0x00000055       0x56 startup.o

.ARM.attributes
                0x00000000       0x2d
 .ARM.attributes
                0x00000000       0x2d main.o
 .ARM.attributes
                0x0000002d       0x2d startup.o

.debug_frame    0x00000000       0xe0
 .debug_frame   0x00000000       0x28 main.o
 .debug_frame   0x00000028       0xb8 startup.o
