
Memory Configuration

Name             Origin             Length             Attributes
flash            0x08000000         0x00020000         xr
sram             0x20000000         0x00005000         xrw
*default*        0x00000000         0xffffffff

Linker script and memory map


.text           0x08000000       0xe8
 *(.vectors*)
 .vectors       0x08000000       0x50 startup.o
 *(.text*)
 .text          0x08000050       0x90 main.o
                0x08000050                main
 .text          0x080000e0        0x8 startup.o

.data           0x080000e8        0x0
 .data          0x080000e8        0x0 main.o
 .data          0x080000e8        0x0 startup.o

.igot.plt       0x080000e8        0x0
 .igot.plt      0x080000e8        0x0 main.o

.glue_7         0x080000e8        0x0
 .glue_7        0x080000e8        0x0 linker stubs

.glue_7t        0x080000e8        0x0
 .glue_7t       0x080000e8        0x0 linker stubs

.vfp11_veneer   0x080000e8        0x0
 .vfp11_veneer  0x080000e8        0x0 linker stubs

.v4_bx          0x080000e8        0x0
 .v4_bx         0x080000e8        0x0 linker stubs

.iplt           0x080000e8        0x0
 .iplt          0x080000e8        0x0 main.o

.rel.dyn        0x080000e8        0x0
 .rel.iplt      0x080000e8        0x0 main.o

.bss            0x20000000        0x4
 *(.bss*)
 .bss           0x20000000        0x4 main.o
                0x20000000                i
 .bss           0x20000004        0x0 startup.o
LOAD main.o
LOAD startup.o
OUTPUT(lesson3_lab1.elf elf32-littlearm)
LOAD linker stubs

.debug_info     0x00000000       0xd6
 .debug_info    0x00000000       0xb0 main.o
 .debug_info    0x000000b0       0x26 startup.o

.debug_abbrev   0x00000000       0x7c
 .debug_abbrev  0x00000000       0x68 main.o
 .debug_abbrev  0x00000068       0x14 startup.o

.debug_loc      0x00000000       0x2c
 .debug_loc     0x00000000       0x2c main.o

.debug_aranges  0x00000000       0x40
 .debug_aranges
                0x00000000       0x20 main.o
 .debug_aranges
                0x00000020       0x20 startup.o

.debug_line     0x00000000      0x1a5
 .debug_line    0x00000000      0x16a main.o
 .debug_line    0x0000016a       0x3b startup.o

.debug_str      0x00000000      0x148
 .debug_str     0x00000000      0x130 main.o
                                0x16d (size before relaxing)
 .debug_str     0x00000130       0x18 startup.o
                                 0x87 (size before relaxing)

.comment        0x00000000       0x55
 .comment       0x00000000       0x55 main.o
                                 0x56 (size before relaxing)

.ARM.attributes
                0x00000000       0x2b
 .ARM.attributes
                0x00000000       0x2d main.o
 .ARM.attributes
                0x0000002d       0x21 startup.o

.debug_frame    0x00000000       0x28
 .debug_frame   0x00000000       0x28 main.o
