Archive member included to satisfy reference by file (symbol)

c:/st/stm32cubeide_1.4.0/stm32cubeide/plugins/com.st.stm32cube.ide.mcu.externaltools.gnu-tools-for-stm32.7-2018-q2-update.win32_1.4.0.202007081208/tools/bin/../lib/gcc/arm-none-eabi/7.3.1/../../../../arm-none-eabi/lib/thumb/v7-m\libc_nano.a(lib_a-errno.o)
                              Src/syscalls.o (__errno)
c:/st/stm32cubeide_1.4.0/stm32cubeide/plugins/com.st.stm32cube.ide.mcu.externaltools.gnu-tools-for-stm32.7-2018-q2-update.win32_1.4.0.202007081208/tools/bin/../lib/gcc/arm-none-eabi/7.3.1/../../../../arm-none-eabi/lib/thumb/v7-m\libc_nano.a(lib_a-exit.o)
                              c:/st/stm32cubeide_1.4.0/stm32cubeide/plugins/com.st.stm32cube.ide.mcu.externaltools.gnu-tools-for-stm32.7-2018-q2-update.win32_1.4.0.202007081208/tools/bin/../lib/gcc/arm-none-eabi/7.3.1/../../../../arm-none-eabi/lib/thumb/v7-m/crt0.o (exit)
c:/st/stm32cubeide_1.4.0/stm32cubeide/plugins/com.st.stm32cube.ide.mcu.externaltools.gnu-tools-for-stm32.7-2018-q2-update.win32_1.4.0.202007081208/tools/bin/../lib/gcc/arm-none-eabi/7.3.1/../../../../arm-none-eabi/lib/thumb/v7-m\libc_nano.a(lib_a-impure.o)
                              c:/st/stm32cubeide_1.4.0/stm32cubeide/plugins/com.st.stm32cube.ide.mcu.externaltools.gnu-tools-for-stm32.7-2018-q2-update.win32_1.4.0.202007081208/tools/bin/../lib/gcc/arm-none-eabi/7.3.1/../../../../arm-none-eabi/lib/thumb/v7-m\libc_nano.a(lib_a-exit.o) (_global_impure_ptr)
c:/st/stm32cubeide_1.4.0/stm32cubeide/plugins/com.st.stm32cube.ide.mcu.externaltools.gnu-tools-for-stm32.7-2018-q2-update.win32_1.4.0.202007081208/tools/bin/../lib/gcc/arm-none-eabi/7.3.1/../../../../arm-none-eabi/lib/thumb/v7-m\libc_nano.a(lib_a-init.o)
                              c:/st/stm32cubeide_1.4.0/stm32cubeide/plugins/com.st.stm32cube.ide.mcu.externaltools.gnu-tools-for-stm32.7-2018-q2-update.win32_1.4.0.202007081208/tools/bin/../lib/gcc/arm-none-eabi/7.3.1/../../../../arm-none-eabi/lib/thumb/v7-m/crt0.o (__libc_init_array)
c:/st/stm32cubeide_1.4.0/stm32cubeide/plugins/com.st.stm32cube.ide.mcu.externaltools.gnu-tools-for-stm32.7-2018-q2-update.win32_1.4.0.202007081208/tools/bin/../lib/gcc/arm-none-eabi/7.3.1/../../../../arm-none-eabi/lib/thumb/v7-m\libc_nano.a(lib_a-memset.o)
                              c:/st/stm32cubeide_1.4.0/stm32cubeide/plugins/com.st.stm32cube.ide.mcu.externaltools.gnu-tools-for-stm32.7-2018-q2-update.win32_1.4.0.202007081208/tools/bin/../lib/gcc/arm-none-eabi/7.3.1/../../../../arm-none-eabi/lib/thumb/v7-m/crt0.o (memset)

Allocating common symbols
Common symbol       size              file

USART1_Config       0x20              Src/main.o
My_7seg_config      0x4               HAL/seven_seg.o
mychar              0x2               Src/main.o
My_LCD_Config       0x4               HAL/lcd.o
USART3_Config       0x20              Src/main.o
USART2_Config       0x20              Src/main.o
count               0x4               HAL/lcd.o
ISR_Func            0x40              stm32f103c6_drivers/stm32f103c6_EXTI_driver.o

Discarded input sections

 .text          0x0000000000000000        0x0 c:/st/stm32cubeide_1.4.0/stm32cubeide/plugins/com.st.stm32cube.ide.mcu.externaltools.gnu-tools-for-stm32.7-2018-q2-update.win32_1.4.0.202007081208/tools/bin/../lib/gcc/arm-none-eabi/7.3.1/thumb/v7-m/crti.o
 .data          0x0000000000000000        0x0 c:/st/stm32cubeide_1.4.0/stm32cubeide/plugins/com.st.stm32cube.ide.mcu.externaltools.gnu-tools-for-stm32.7-2018-q2-update.win32_1.4.0.202007081208/tools/bin/../lib/gcc/arm-none-eabi/7.3.1/thumb/v7-m/crti.o
 .bss           0x0000000000000000        0x0 c:/st/stm32cubeide_1.4.0/stm32cubeide/plugins/com.st.stm32cube.ide.mcu.externaltools.gnu-tools-for-stm32.7-2018-q2-update.win32_1.4.0.202007081208/tools/bin/../lib/gcc/arm-none-eabi/7.3.1/thumb/v7-m/crti.o
 .data          0x0000000000000000        0x4 c:/st/stm32cubeide_1.4.0/stm32cubeide/plugins/com.st.stm32cube.ide.mcu.externaltools.gnu-tools-for-stm32.7-2018-q2-update.win32_1.4.0.202007081208/tools/bin/../lib/gcc/arm-none-eabi/7.3.1/thumb/v7-m/crtbegin.o
 .text          0x0000000000000000       0x74 c:/st/stm32cubeide_1.4.0/stm32cubeide/plugins/com.st.stm32cube.ide.mcu.externaltools.gnu-tools-for-stm32.7-2018-q2-update.win32_1.4.0.202007081208/tools/bin/../lib/gcc/arm-none-eabi/7.3.1/../../../../arm-none-eabi/lib/thumb/v7-m/crt0.o
 .data          0x0000000000000000        0x0 c:/st/stm32cubeide_1.4.0/stm32cubeide/plugins/com.st.stm32cube.ide.mcu.externaltools.gnu-tools-for-stm32.7-2018-q2-update.win32_1.4.0.202007081208/tools/bin/../lib/gcc/arm-none-eabi/7.3.1/../../../../arm-none-eabi/lib/thumb/v7-m/crt0.o
 .bss           0x0000000000000000        0x0 c:/st/stm32cubeide_1.4.0/stm32cubeide/plugins/com.st.stm32cube.ide.mcu.externaltools.gnu-tools-for-stm32.7-2018-q2-update.win32_1.4.0.202007081208/tools/bin/../lib/gcc/arm-none-eabi/7.3.1/../../../../arm-none-eabi/lib/thumb/v7-m/crt0.o
 .ARM.extab     0x0000000000000000        0x0 c:/st/stm32cubeide_1.4.0/stm32cubeide/plugins/com.st.stm32cube.ide.mcu.externaltools.gnu-tools-for-stm32.7-2018-q2-update.win32_1.4.0.202007081208/tools/bin/../lib/gcc/arm-none-eabi/7.3.1/../../../../arm-none-eabi/lib/thumb/v7-m/crt0.o
 .ARM.exidx     0x0000000000000000        0x8 c:/st/stm32cubeide_1.4.0/stm32cubeide/plugins/com.st.stm32cube.ide.mcu.externaltools.gnu-tools-for-stm32.7-2018-q2-update.win32_1.4.0.202007081208/tools/bin/../lib/gcc/arm-none-eabi/7.3.1/../../../../arm-none-eabi/lib/thumb/v7-m/crt0.o
 .ARM.attributes
                0x0000000000000000       0x1b c:/st/stm32cubeide_1.4.0/stm32cubeide/plugins/com.st.stm32cube.ide.mcu.externaltools.gnu-tools-for-stm32.7-2018-q2-update.win32_1.4.0.202007081208/tools/bin/../lib/gcc/arm-none-eabi/7.3.1/../../../../arm-none-eabi/lib/thumb/v7-m/crt0.o
 .group         0x0000000000000000        0xc HAL/keypad.o
 .group         0x0000000000000000        0xc HAL/keypad.o
 .group         0x0000000000000000        0xc HAL/keypad.o
 .group         0x0000000000000000        0xc HAL/keypad.o
 .group         0x0000000000000000        0xc HAL/keypad.o
 .group         0x0000000000000000        0xc HAL/keypad.o
 .group         0x0000000000000000        0xc HAL/keypad.o
 .group         0x0000000000000000        0xc HAL/keypad.o
 .group         0x0000000000000000        0xc HAL/keypad.o
 .group         0x0000000000000000        0xc HAL/keypad.o
 .text          0x0000000000000000        0x0 HAL/keypad.o
 .data          0x0000000000000000        0x0 HAL/keypad.o
 .bss           0x0000000000000000        0x0 HAL/keypad.o
 .data.Key_padRow
                0x0000000000000000       0x10 HAL/keypad.o
 .data.Key_padCol
                0x0000000000000000       0x10 HAL/keypad.o
 .text.Keypad_init
                0x0000000000000000       0xcc HAL/keypad.o
 .text.keypad_getchar
                0x0000000000000000      0x194 HAL/keypad.o
 .debug_info    0x0000000000000000      0x204 HAL/keypad.o
 .debug_abbrev  0x0000000000000000       0xdf HAL/keypad.o
 .debug_loc     0x0000000000000000       0xa0 HAL/keypad.o
 .debug_aranges
                0x0000000000000000       0x28 HAL/keypad.o
 .debug_ranges  0x0000000000000000       0x18 HAL/keypad.o
 .debug_macro   0x0000000000000000       0x94 HAL/keypad.o
 .debug_macro   0x0000000000000000      0xa60 HAL/keypad.o
 .debug_macro   0x0000000000000000       0x22 HAL/keypad.o
 .debug_macro   0x0000000000000000       0x8e HAL/keypad.o
 .debug_macro   0x0000000000000000       0x51 HAL/keypad.o
 .debug_macro   0x0000000000000000       0xef HAL/keypad.o
 .debug_macro   0x0000000000000000       0x6a HAL/keypad.o
 .debug_macro   0x0000000000000000      0x1df HAL/keypad.o
 .debug_macro   0x0000000000000000      0x228 HAL/keypad.o
 .debug_macro   0x0000000000000000       0xc4 HAL/keypad.o
 .debug_macro   0x0000000000000000       0x3a HAL/keypad.o
 .debug_line    0x0000000000000000      0x50d HAL/keypad.o
 .debug_str     0x0000000000000000     0x49a8 HAL/keypad.o
 .comment       0x0000000000000000       0x7c HAL/keypad.o
 .debug_frame   0x0000000000000000       0x58 HAL/keypad.o
 .ARM.attributes
                0x0000000000000000       0x33 HAL/keypad.o
 .group         0x0000000000000000        0xc HAL/lcd.o
 .group         0x0000000000000000        0xc HAL/lcd.o
 .group         0x0000000000000000        0xc HAL/lcd.o
 .group         0x0000000000000000        0xc HAL/lcd.o
 .group         0x0000000000000000        0xc HAL/lcd.o
 .group         0x0000000000000000        0xc HAL/lcd.o
 .group         0x0000000000000000        0xc HAL/lcd.o
 .group         0x0000000000000000        0xc HAL/lcd.o
 .group         0x0000000000000000        0xc HAL/lcd.o
 .group         0x0000000000000000        0xc HAL/lcd.o
 .group         0x0000000000000000        0xc HAL/lcd.o
 .text          0x0000000000000000        0x0 HAL/lcd.o
 .data          0x0000000000000000        0x0 HAL/lcd.o
 .bss           0x0000000000000000        0x0 HAL/lcd.o
 .text.lcd_gpio_init
                0x0000000000000000      0x14c HAL/lcd.o
 .text.lcd_clear_screen
                0x0000000000000000        0xe HAL/lcd.o
 .text.lcd_kick
                0x0000000000000000       0x28 HAL/lcd.o
 .text.lcd_goto_XY
                0x0000000000000000       0x48 HAL/lcd.o
 .text.lcd_init
                0x0000000000000000       0x40 HAL/lcd.o
 .text.lcd_busy
                0x0000000000000000      0x104 HAL/lcd.o
 .text.lcd_write_command
                0x0000000000000000       0x40 HAL/lcd.o
 .text.lcd_write_char
                0x0000000000000000       0x7c HAL/lcd.o
 .text.lcd_write_string
                0x0000000000000000       0x5c HAL/lcd.o
 .debug_info    0x0000000000000000      0x307 HAL/lcd.o
 .debug_abbrev  0x0000000000000000      0x11e HAL/lcd.o
 .debug_loc     0x0000000000000000      0x21c HAL/lcd.o
 .debug_aranges
                0x0000000000000000       0x60 HAL/lcd.o
 .debug_ranges  0x0000000000000000       0x50 HAL/lcd.o
 .debug_macro   0x0000000000000000       0x8f HAL/lcd.o
 .debug_macro   0x0000000000000000      0xa60 HAL/lcd.o
 .debug_macro   0x0000000000000000       0x10 HAL/lcd.o
 .debug_macro   0x0000000000000000       0x22 HAL/lcd.o
 .debug_macro   0x0000000000000000       0x8e HAL/lcd.o
 .debug_macro   0x0000000000000000       0x51 HAL/lcd.o
 .debug_macro   0x0000000000000000       0xef HAL/lcd.o
 .debug_macro   0x0000000000000000       0x6a HAL/lcd.o
 .debug_macro   0x0000000000000000      0x1df HAL/lcd.o
 .debug_macro   0x0000000000000000      0x228 HAL/lcd.o
 .debug_macro   0x0000000000000000       0xc4 HAL/lcd.o
 .debug_macro   0x0000000000000000       0xb2 HAL/lcd.o
 .debug_line    0x0000000000000000      0x530 HAL/lcd.o
 .debug_str     0x0000000000000000     0x4c3e HAL/lcd.o
 .comment       0x0000000000000000       0x7c HAL/lcd.o
 .debug_frame   0x0000000000000000      0x12c HAL/lcd.o
 .ARM.attributes
                0x0000000000000000       0x33 HAL/lcd.o
 COMMON         0x0000000000000000        0x8 HAL/lcd.o
 .group         0x0000000000000000        0xc HAL/seven_seg.o
 .group         0x0000000000000000        0xc HAL/seven_seg.o
 .group         0x0000000000000000        0xc HAL/seven_seg.o
 .group         0x0000000000000000        0xc HAL/seven_seg.o
 .group         0x0000000000000000        0xc HAL/seven_seg.o
 .group         0x0000000000000000        0xc HAL/seven_seg.o
 .group         0x0000000000000000        0xc HAL/seven_seg.o
 .group         0x0000000000000000        0xc HAL/seven_seg.o
 .group         0x0000000000000000        0xc HAL/seven_seg.o
 .group         0x0000000000000000        0xc HAL/seven_seg.o
 .text          0x0000000000000000        0x0 HAL/seven_seg.o
 .data          0x0000000000000000        0x0 HAL/seven_seg.o
 .bss           0x0000000000000000        0x0 HAL/seven_seg.o
 .text.seven_segment_init
                0x0000000000000000       0xc8 HAL/seven_seg.o
 .debug_info    0x0000000000000000      0x197 HAL/seven_seg.o
 .debug_abbrev  0x0000000000000000       0x97 HAL/seven_seg.o
 .debug_loc     0x0000000000000000       0x2c HAL/seven_seg.o
 .debug_aranges
                0x0000000000000000       0x20 HAL/seven_seg.o
 .debug_ranges  0x0000000000000000       0x10 HAL/seven_seg.o
 .debug_macro   0x0000000000000000       0x94 HAL/seven_seg.o
 .debug_macro   0x0000000000000000      0xa60 HAL/seven_seg.o
 .debug_macro   0x0000000000000000       0x22 HAL/seven_seg.o
 .debug_macro   0x0000000000000000       0x8e HAL/seven_seg.o
 .debug_macro   0x0000000000000000       0x51 HAL/seven_seg.o
 .debug_macro   0x0000000000000000       0xef HAL/seven_seg.o
 .debug_macro   0x0000000000000000       0x6a HAL/seven_seg.o
 .debug_macro   0x0000000000000000      0x1df HAL/seven_seg.o
 .debug_macro   0x0000000000000000      0x228 HAL/seven_seg.o
 .debug_macro   0x0000000000000000       0xc4 HAL/seven_seg.o
 .debug_macro   0x0000000000000000       0x40 HAL/seven_seg.o
 .debug_line    0x0000000000000000      0x447 HAL/seven_seg.o
 .debug_str     0x0000000000000000     0x495c HAL/seven_seg.o
 .comment       0x0000000000000000       0x7c HAL/seven_seg.o
 .debug_frame   0x0000000000000000       0x2c HAL/seven_seg.o
 .ARM.attributes
                0x0000000000000000       0x33 HAL/seven_seg.o
 COMMON         0x0000000000000000        0x4 HAL/seven_seg.o
 .group         0x0000000000000000        0xc Src/main.o
 .group         0x0000000000000000        0xc Src/main.o
 .group         0x0000000000000000        0xc Src/main.o
 .group         0x0000000000000000        0xc Src/main.o
 .group         0x0000000000000000        0xc Src/main.o
 .group         0x0000000000000000        0xc Src/main.o
 .group         0x0000000000000000        0xc Src/main.o
 .group         0x0000000000000000        0xc Src/main.o
 .group         0x0000000000000000        0xc Src/main.o
 .group         0x0000000000000000        0xc Src/main.o
 .group         0x0000000000000000        0xc Src/main.o
 .group         0x0000000000000000        0xc Src/main.o
 .text          0x0000000000000000        0x0 Src/main.o
 .data          0x0000000000000000        0x0 Src/main.o
 .bss           0x0000000000000000        0x0 Src/main.o
 .debug_macro   0x0000000000000000      0xa60 Src/main.o
 .debug_macro   0x0000000000000000       0x22 Src/main.o
 .debug_macro   0x0000000000000000       0x8e Src/main.o
 .debug_macro   0x0000000000000000       0x51 Src/main.o
 .debug_macro   0x0000000000000000       0xef Src/main.o
 .debug_macro   0x0000000000000000       0x6a Src/main.o
 .debug_macro   0x0000000000000000      0x1df Src/main.o
 .debug_macro   0x0000000000000000      0x228 Src/main.o
 .group         0x0000000000000000        0xc Src/syscalls.o
 .group         0x0000000000000000        0xc Src/syscalls.o
 .group         0x0000000000000000        0xc Src/syscalls.o
 .group         0x0000000000000000        0xc Src/syscalls.o
 .group         0x0000000000000000        0xc Src/syscalls.o
 .group         0x0000000000000000        0xc Src/syscalls.o
 .group         0x0000000000000000        0xc Src/syscalls.o
 .group         0x0000000000000000        0xc Src/syscalls.o
 .group         0x0000000000000000        0xc Src/syscalls.o
 .group         0x0000000000000000        0xc Src/syscalls.o
 .group         0x0000000000000000        0xc Src/syscalls.o
 .group         0x0000000000000000        0xc Src/syscalls.o
 .group         0x0000000000000000        0xc Src/syscalls.o
 .group         0x0000000000000000        0xc Src/syscalls.o
 .group         0x0000000000000000        0xc Src/syscalls.o
 .group         0x0000000000000000        0xc Src/syscalls.o
 .group         0x0000000000000000        0xc Src/syscalls.o
 .group         0x0000000000000000        0xc Src/syscalls.o
 .group         0x0000000000000000        0xc Src/syscalls.o
 .group         0x0000000000000000        0xc Src/syscalls.o
 .group         0x0000000000000000        0xc Src/syscalls.o
 .group         0x0000000000000000        0xc Src/syscalls.o
 .group         0x0000000000000000        0xc Src/syscalls.o
 .group         0x0000000000000000        0xc Src/syscalls.o
 .group         0x0000000000000000        0xc Src/syscalls.o
 .group         0x0000000000000000        0xc Src/syscalls.o
 .group         0x0000000000000000        0xc Src/syscalls.o
 .group         0x0000000000000000        0xc Src/syscalls.o
 .group         0x0000000000000000        0xc Src/syscalls.o
 .group         0x0000000000000000        0xc Src/syscalls.o
 .group         0x0000000000000000        0xc Src/syscalls.o
 .group         0x0000000000000000        0xc Src/syscalls.o
 .group         0x0000000000000000        0xc Src/syscalls.o
 .group         0x0000000000000000        0xc Src/syscalls.o
 .group         0x0000000000000000        0xc Src/syscalls.o
 .group         0x0000000000000000        0xc Src/syscalls.o
 .group         0x0000000000000000        0xc Src/syscalls.o
 .group         0x0000000000000000        0xc Src/syscalls.o
 .group         0x0000000000000000        0xc Src/syscalls.o
 .group         0x0000000000000000        0xc Src/syscalls.o
 .group         0x0000000000000000        0xc Src/syscalls.o
 .group         0x0000000000000000        0xc Src/syscalls.o
 .group         0x0000000000000000        0xc Src/syscalls.o
 .group         0x0000000000000000        0xc Src/syscalls.o
 .text          0x0000000000000000        0x0 Src/syscalls.o
 .data          0x0000000000000000        0x0 Src/syscalls.o
 .bss           0x0000000000000000        0x0 Src/syscalls.o
 .bss.__env     0x0000000000000000        0x4 Src/syscalls.o
 .data.environ  0x0000000000000000        0x4 Src/syscalls.o
 .text.initialise_monitor_handles
                0x0000000000000000        0xc Src/syscalls.o
 .text._getpid  0x0000000000000000        0xe Src/syscalls.o
 .text._kill    0x0000000000000000       0x20 Src/syscalls.o
 .text._exit    0x0000000000000000       0x14 Src/syscalls.o
 .text._read    0x0000000000000000       0x3a Src/syscalls.o
 .text._write   0x0000000000000000       0x38 Src/syscalls.o
 .text._close   0x0000000000000000       0x16 Src/syscalls.o
 .text._fstat   0x0000000000000000       0x1e Src/syscalls.o
 .text._isatty  0x0000000000000000       0x14 Src/syscalls.o
 .text._lseek   0x0000000000000000       0x18 Src/syscalls.o
 .text._open    0x0000000000000000       0x1a Src/syscalls.o
 .text._wait    0x0000000000000000       0x1e Src/syscalls.o
 .text._unlink  0x0000000000000000       0x1e Src/syscalls.o
 .text._times   0x0000000000000000       0x16 Src/syscalls.o
 .text._stat    0x0000000000000000       0x1e Src/syscalls.o
 .text._link    0x0000000000000000       0x20 Src/syscalls.o
 .text._fork    0x0000000000000000       0x16 Src/syscalls.o
 .text._execve  0x0000000000000000       0x22 Src/syscalls.o
 .debug_info    0x0000000000000000     0x1038 Src/syscalls.o
 .debug_abbrev  0x0000000000000000      0x254 Src/syscalls.o
 .debug_loc     0x0000000000000000      0x5b8 Src/syscalls.o
 .debug_aranges
                0x0000000000000000       0xa8 Src/syscalls.o
 .debug_ranges  0x0000000000000000       0x98 Src/syscalls.o
 .debug_macro   0x0000000000000000      0x243 Src/syscalls.o
 .debug_macro   0x0000000000000000      0xa60 Src/syscalls.o
 .debug_macro   0x0000000000000000       0x22 Src/syscalls.o
 .debug_macro   0x0000000000000000       0x40 Src/syscalls.o
 .debug_macro   0x0000000000000000       0x18 Src/syscalls.o
 .debug_macro   0x0000000000000000       0x94 Src/syscalls.o
 .debug_macro   0x0000000000000000       0x3c Src/syscalls.o
 .debug_macro   0x0000000000000000       0x34 Src/syscalls.o
 .debug_macro   0x0000000000000000       0x57 Src/syscalls.o
 .debug_macro   0x0000000000000000      0x174 Src/syscalls.o
 .debug_macro   0x0000000000000000      0x330 Src/syscalls.o
 .debug_macro   0x0000000000000000       0x52 Src/syscalls.o
 .debug_macro   0x0000000000000000       0x1f Src/syscalls.o
 .debug_macro   0x0000000000000000       0x43 Src/syscalls.o
 .debug_macro   0x0000000000000000       0x20 Src/syscalls.o
 .debug_macro   0x0000000000000000      0x1a3 Src/syscalls.o
 .debug_macro   0x0000000000000000       0x10 Src/syscalls.o
 .debug_macro   0x0000000000000000       0x35 Src/syscalls.o
 .debug_macro   0x0000000000000000       0x10 Src/syscalls.o
 .debug_macro   0x0000000000000000       0x10 Src/syscalls.o
 .debug_macro   0x0000000000000000       0x10 Src/syscalls.o
 .debug_macro   0x0000000000000000       0x6a Src/syscalls.o
 .debug_macro   0x0000000000000000       0x1c Src/syscalls.o
 .debug_macro   0x0000000000000000       0x52 Src/syscalls.o
 .debug_macro   0x0000000000000000       0x40 Src/syscalls.o
 .debug_macro   0x0000000000000000       0x10 Src/syscalls.o
 .debug_macro   0x0000000000000000       0x40 Src/syscalls.o
 .debug_macro   0x0000000000000000       0xd7 Src/syscalls.o
 .debug_macro   0x0000000000000000       0x1c Src/syscalls.o
 .debug_macro   0x0000000000000000       0x3d Src/syscalls.o
 .debug_macro   0x0000000000000000       0x35 Src/syscalls.o
 .debug_macro   0x0000000000000000      0x122 Src/syscalls.o
 .debug_macro   0x0000000000000000       0x16 Src/syscalls.o
 .debug_macro   0x0000000000000000       0x16 Src/syscalls.o
 .debug_macro   0x0000000000000000       0x29 Src/syscalls.o
 .debug_macro   0x0000000000000000       0x10 Src/syscalls.o
 .debug_macro   0x0000000000000000      0x241 Src/syscalls.o
 .debug_macro   0x0000000000000000       0x1c Src/syscalls.o
 .debug_macro   0x0000000000000000       0x10 Src/syscalls.o
 .debug_macro   0x0000000000000000       0x10 Src/syscalls.o
 .debug_macro   0x0000000000000000       0x16 Src/syscalls.o
 .debug_macro   0x0000000000000000      0x145 Src/syscalls.o
 .debug_macro   0x0000000000000000      0x189 Src/syscalls.o
 .debug_macro   0x0000000000000000       0x16 Src/syscalls.o
 .debug_macro   0x0000000000000000       0x88 Src/syscalls.o
 .debug_line    0x0000000000000000      0x739 Src/syscalls.o
 .debug_str     0x0000000000000000     0x886c Src/syscalls.o
 .comment       0x0000000000000000       0x7c Src/syscalls.o
 .debug_frame   0x0000000000000000      0x2ac Src/syscalls.o
 .ARM.attributes
                0x0000000000000000       0x33 Src/syscalls.o
 .group         0x0000000000000000        0xc Src/sysmem.o
 .group         0x0000000000000000        0xc Src/sysmem.o
 .group         0x0000000000000000        0xc Src/sysmem.o
 .group         0x0000000000000000        0xc Src/sysmem.o
 .group         0x0000000000000000        0xc Src/sysmem.o
 .group         0x0000000000000000        0xc Src/sysmem.o
 .group         0x0000000000000000        0xc Src/sysmem.o
 .group         0x0000000000000000        0xc Src/sysmem.o
 .group         0x0000000000000000        0xc Src/sysmem.o
 .group         0x0000000000000000        0xc Src/sysmem.o
 .group         0x0000000000000000        0xc Src/sysmem.o
 .group         0x0000000000000000        0xc Src/sysmem.o
 .group         0x0000000000000000        0xc Src/sysmem.o
 .group         0x0000000000000000        0xc Src/sysmem.o
 .group         0x0000000000000000        0xc Src/sysmem.o
 .group         0x0000000000000000        0xc Src/sysmem.o
 .group         0x0000000000000000        0xc Src/sysmem.o
 .group         0x0000000000000000        0xc Src/sysmem.o
 .group         0x0000000000000000        0xc Src/sysmem.o
 .text          0x0000000000000000        0x0 Src/sysmem.o
 .data          0x0000000000000000        0x0 Src/sysmem.o
 .bss           0x0000000000000000        0x0 Src/sysmem.o
 .bss.__sbrk_heap_end
                0x0000000000000000        0x4 Src/sysmem.o
 .text._sbrk    0x0000000000000000       0x6c Src/sysmem.o
 .debug_info    0x0000000000000000      0xa7c Src/sysmem.o
 .debug_abbrev  0x0000000000000000      0x18e Src/sysmem.o
 .debug_loc     0x0000000000000000       0x50 Src/sysmem.o
 .debug_aranges
                0x0000000000000000       0x20 Src/sysmem.o
 .debug_ranges  0x0000000000000000       0x10 Src/sysmem.o
 .debug_macro   0x0000000000000000       0xee Src/sysmem.o
 .debug_macro   0x0000000000000000      0xa60 Src/sysmem.o
 .debug_macro   0x0000000000000000       0x10 Src/sysmem.o
 .debug_macro   0x0000000000000000       0x22 Src/sysmem.o
 .debug_macro   0x0000000000000000       0x40 Src/sysmem.o
 .debug_macro   0x0000000000000000       0x18 Src/sysmem.o
 .debug_macro   0x0000000000000000       0x94 Src/sysmem.o
 .debug_macro   0x0000000000000000       0x3c Src/sysmem.o
 .debug_macro   0x0000000000000000       0x34 Src/sysmem.o
 .debug_macro   0x0000000000000000      0x174 Src/sysmem.o
 .debug_macro   0x0000000000000000       0x57 Src/sysmem.o
 .debug_macro   0x0000000000000000       0x52 Src/sysmem.o
 .debug_macro   0x0000000000000000       0x1f Src/sysmem.o
 .debug_macro   0x0000000000000000       0x43 Src/sysmem.o
 .debug_macro   0x0000000000000000       0x20 Src/sysmem.o
 .debug_macro   0x0000000000000000      0x1a3 Src/sysmem.o
 .debug_macro   0x0000000000000000      0x23b Src/sysmem.o
 .debug_macro   0x0000000000000000       0xef Src/sysmem.o
 .debug_macro   0x0000000000000000       0x6a Src/sysmem.o
 .debug_macro   0x0000000000000000      0x1df Src/sysmem.o
 .debug_line    0x0000000000000000      0x4c2 Src/sysmem.o
 .debug_str     0x0000000000000000     0x5f3a Src/sysmem.o
 .comment       0x0000000000000000       0x7c Src/sysmem.o
 .debug_frame   0x0000000000000000       0x34 Src/sysmem.o
 .ARM.attributes
                0x0000000000000000       0x33 Src/sysmem.o
 .text          0x0000000000000000       0x14 Startup/startup_stm32f103c6tx.o
 .data          0x0000000000000000        0x0 Startup/startup_stm32f103c6tx.o
 .bss           0x0000000000000000        0x0 Startup/startup_stm32f103c6tx.o
 .group         0x0000000000000000        0xc stm32f103c6_drivers/stm32f01c6_RCC_driver.o
 .group         0x0000000000000000        0xc stm32f103c6_drivers/stm32f01c6_RCC_driver.o
 .group         0x0000000000000000        0xc stm32f103c6_drivers/stm32f01c6_RCC_driver.o
 .group         0x0000000000000000        0xc stm32f103c6_drivers/stm32f01c6_RCC_driver.o
 .group         0x0000000000000000        0xc stm32f103c6_drivers/stm32f01c6_RCC_driver.o
 .group         0x0000000000000000        0xc stm32f103c6_drivers/stm32f01c6_RCC_driver.o
 .group         0x0000000000000000        0xc stm32f103c6_drivers/stm32f01c6_RCC_driver.o
 .group         0x0000000000000000        0xc stm32f103c6_drivers/stm32f01c6_RCC_driver.o
 .group         0x0000000000000000        0xc stm32f103c6_drivers/stm32f01c6_RCC_driver.o
 .text          0x0000000000000000        0x0 stm32f103c6_drivers/stm32f01c6_RCC_driver.o
 .data          0x0000000000000000        0x0 stm32f103c6_drivers/stm32f01c6_RCC_driver.o
 .bss           0x0000000000000000        0x0 stm32f103c6_drivers/stm32f01c6_RCC_driver.o
 .text.MCAL_RCC_clock_update
                0x0000000000000000       0xd4 stm32f103c6_drivers/stm32f01c6_RCC_driver.o
 .debug_macro   0x0000000000000000      0xa60 stm32f103c6_drivers/stm32f01c6_RCC_driver.o
 .debug_macro   0x0000000000000000       0x22 stm32f103c6_drivers/stm32f01c6_RCC_driver.o
 .debug_macro   0x0000000000000000       0x8e stm32f103c6_drivers/stm32f01c6_RCC_driver.o
 .debug_macro   0x0000000000000000       0x51 stm32f103c6_drivers/stm32f01c6_RCC_driver.o
 .debug_macro   0x0000000000000000       0xef stm32f103c6_drivers/stm32f01c6_RCC_driver.o
 .debug_macro   0x0000000000000000       0x6a stm32f103c6_drivers/stm32f01c6_RCC_driver.o
 .debug_macro   0x0000000000000000      0x1df stm32f103c6_drivers/stm32f01c6_RCC_driver.o
 .debug_macro   0x0000000000000000      0x228 stm32f103c6_drivers/stm32f01c6_RCC_driver.o
 .debug_macro   0x0000000000000000      0x176 stm32f103c6_drivers/stm32f01c6_RCC_driver.o
 .group         0x0000000000000000        0xc stm32f103c6_drivers/stm32f103c6_EXTI_driver.o
 .group         0x0000000000000000        0xc stm32f103c6_drivers/stm32f103c6_EXTI_driver.o
 .group         0x0000000000000000        0xc stm32f103c6_drivers/stm32f103c6_EXTI_driver.o
 .group         0x0000000000000000        0xc stm32f103c6_drivers/stm32f103c6_EXTI_driver.o
 .group         0x0000000000000000        0xc stm32f103c6_drivers/stm32f103c6_EXTI_driver.o
 .group         0x0000000000000000        0xc stm32f103c6_drivers/stm32f103c6_EXTI_driver.o
 .group         0x0000000000000000        0xc stm32f103c6_drivers/stm32f103c6_EXTI_driver.o
 .group         0x0000000000000000        0xc stm32f103c6_drivers/stm32f103c6_EXTI_driver.o
 .group         0x0000000000000000        0xc stm32f103c6_drivers/stm32f103c6_EXTI_driver.o
 .group         0x0000000000000000        0xc stm32f103c6_drivers/stm32f103c6_EXTI_driver.o
 .text          0x0000000000000000        0x0 stm32f103c6_drivers/stm32f103c6_EXTI_driver.o
 .data          0x0000000000000000        0x0 stm32f103c6_drivers/stm32f103c6_EXTI_driver.o
 .bss           0x0000000000000000        0x0 stm32f103c6_drivers/stm32f103c6_EXTI_driver.o
 .text.MCAL_EXTI_GPIO_Deinit
                0x0000000000000000       0x94 stm32f103c6_drivers/stm32f103c6_EXTI_driver.o
 .text.MCAL_NVIC_Enable
                0x0000000000000000       0xcc stm32f103c6_drivers/stm32f103c6_EXTI_driver.o
 .text.MCAL_NVIC_Disable
                0x0000000000000000       0xcc stm32f103c6_drivers/stm32f103c6_EXTI_driver.o
 .text.MCAL_EXTI_GPIO_Init
                0x0000000000000000       0x16 stm32f103c6_drivers/stm32f103c6_EXTI_driver.o
 .text.MCAL_EXTI_GPIO_Update
                0x0000000000000000      0x1e4 stm32f103c6_drivers/stm32f103c6_EXTI_driver.o
 .debug_macro   0x0000000000000000      0xa60 stm32f103c6_drivers/stm32f103c6_EXTI_driver.o
 .debug_macro   0x0000000000000000       0x22 stm32f103c6_drivers/stm32f103c6_EXTI_driver.o
 .debug_macro   0x0000000000000000       0x8e stm32f103c6_drivers/stm32f103c6_EXTI_driver.o
 .debug_macro   0x0000000000000000       0x51 stm32f103c6_drivers/stm32f103c6_EXTI_driver.o
 .debug_macro   0x0000000000000000       0xef stm32f103c6_drivers/stm32f103c6_EXTI_driver.o
 .debug_macro   0x0000000000000000       0x6a stm32f103c6_drivers/stm32f103c6_EXTI_driver.o
 .debug_macro   0x0000000000000000      0x1df stm32f103c6_drivers/stm32f103c6_EXTI_driver.o
 .debug_macro   0x0000000000000000      0x228 stm32f103c6_drivers/stm32f103c6_EXTI_driver.o
 .debug_macro   0x0000000000000000       0xca stm32f103c6_drivers/stm32f103c6_EXTI_driver.o
 .group         0x0000000000000000        0xc stm32f103c6_drivers/stm32f103c6_GPIO_driver.o
 .group         0x0000000000000000        0xc stm32f103c6_drivers/stm32f103c6_GPIO_driver.o
 .group         0x0000000000000000        0xc stm32f103c6_drivers/stm32f103c6_GPIO_driver.o
 .group         0x0000000000000000        0xc stm32f103c6_drivers/stm32f103c6_GPIO_driver.o
 .group         0x0000000000000000        0xc stm32f103c6_drivers/stm32f103c6_GPIO_driver.o
 .group         0x0000000000000000        0xc stm32f103c6_drivers/stm32f103c6_GPIO_driver.o
 .group         0x0000000000000000        0xc stm32f103c6_drivers/stm32f103c6_GPIO_driver.o
 .group         0x0000000000000000        0xc stm32f103c6_drivers/stm32f103c6_GPIO_driver.o
 .group         0x0000000000000000        0xc stm32f103c6_drivers/stm32f103c6_GPIO_driver.o
 .text          0x0000000000000000        0x0 stm32f103c6_drivers/stm32f103c6_GPIO_driver.o
 .data          0x0000000000000000        0x0 stm32f103c6_drivers/stm32f103c6_GPIO_driver.o
 .bss           0x0000000000000000        0x0 stm32f103c6_drivers/stm32f103c6_GPIO_driver.o
 .text.wait_ms  0x0000000000000000       0x38 stm32f103c6_drivers/stm32f103c6_GPIO_driver.o
 .text.MCAL_GPIO_deinit
                0x0000000000000000       0xd4 stm32f103c6_drivers/stm32f103c6_GPIO_driver.o
 .text.MCAL_GPIO_write_port
                0x0000000000000000       0x1c stm32f103c6_drivers/stm32f103c6_GPIO_driver.o
 .text.MCAL_GPIO_write_pin
                0x0000000000000000       0x4e stm32f103c6_drivers/stm32f103c6_GPIO_driver.o
 .text.MCAL_GPIO_read_port
                0x0000000000000000       0x18 stm32f103c6_drivers/stm32f103c6_GPIO_driver.o
 .text.MCAL_GPIO_read_pin
                0x0000000000000000       0x2e stm32f103c6_drivers/stm32f103c6_GPIO_driver.o
 .text.MCAL_GPIO_toggle_pin
                0x0000000000000000       0x28 stm32f103c6_drivers/stm32f103c6_GPIO_driver.o
 .text.MCAL_GPIO_lock_pin
                0x0000000000000000       0x6c stm32f103c6_drivers/stm32f103c6_GPIO_driver.o
 .debug_macro   0x0000000000000000      0xa60 stm32f103c6_drivers/stm32f103c6_GPIO_driver.o
 .debug_macro   0x0000000000000000       0x22 stm32f103c6_drivers/stm32f103c6_GPIO_driver.o
 .debug_macro   0x0000000000000000       0x8e stm32f103c6_drivers/stm32f103c6_GPIO_driver.o
 .debug_macro   0x0000000000000000       0x51 stm32f103c6_drivers/stm32f103c6_GPIO_driver.o
 .debug_macro   0x0000000000000000       0xef stm32f103c6_drivers/stm32f103c6_GPIO_driver.o
 .debug_macro   0x0000000000000000       0x6a stm32f103c6_drivers/stm32f103c6_GPIO_driver.o
 .debug_macro   0x0000000000000000      0x1df stm32f103c6_drivers/stm32f103c6_GPIO_driver.o
 .debug_macro   0x0000000000000000      0x228 stm32f103c6_drivers/stm32f103c6_GPIO_driver.o
 .debug_macro   0x0000000000000000       0xc4 stm32f103c6_drivers/stm32f103c6_GPIO_driver.o
 .group         0x0000000000000000        0xc stm32f103c6_drivers/stm32f103c6_USART_driver.o
 .group         0x0000000000000000        0xc stm32f103c6_drivers/stm32f103c6_USART_driver.o
 .group         0x0000000000000000        0xc stm32f103c6_drivers/stm32f103c6_USART_driver.o
 .group         0x0000000000000000        0xc stm32f103c6_drivers/stm32f103c6_USART_driver.o
 .group         0x0000000000000000        0xc stm32f103c6_drivers/stm32f103c6_USART_driver.o
 .group         0x0000000000000000        0xc stm32f103c6_drivers/stm32f103c6_USART_driver.o
 .group         0x0000000000000000        0xc stm32f103c6_drivers/stm32f103c6_USART_driver.o
 .group         0x0000000000000000        0xc stm32f103c6_drivers/stm32f103c6_USART_driver.o
 .group         0x0000000000000000        0xc stm32f103c6_drivers/stm32f103c6_USART_driver.o
 .group         0x0000000000000000        0xc stm32f103c6_drivers/stm32f103c6_USART_driver.o
 .group         0x0000000000000000        0xc stm32f103c6_drivers/stm32f103c6_USART_driver.o
 .text          0x0000000000000000        0x0 stm32f103c6_drivers/stm32f103c6_USART_driver.o
 .data          0x0000000000000000        0x0 stm32f103c6_drivers/stm32f103c6_USART_driver.o
 .bss           0x0000000000000000        0x0 stm32f103c6_drivers/stm32f103c6_USART_driver.o
 .text.MCAL_USART_deinit
                0x0000000000000000       0x80 stm32f103c6_drivers/stm32f103c6_USART_driver.o
 .text.MCAL_USART_wait_TC
                0x0000000000000000       0x20 stm32f103c6_drivers/stm32f103c6_USART_driver.o
 .debug_macro   0x0000000000000000      0xa60 stm32f103c6_drivers/stm32f103c6_USART_driver.o
 .debug_macro   0x0000000000000000       0x22 stm32f103c6_drivers/stm32f103c6_USART_driver.o
 .debug_macro   0x0000000000000000       0x8e stm32f103c6_drivers/stm32f103c6_USART_driver.o
 .debug_macro   0x0000000000000000       0x51 stm32f103c6_drivers/stm32f103c6_USART_driver.o
 .debug_macro   0x0000000000000000       0xef stm32f103c6_drivers/stm32f103c6_USART_driver.o
 .debug_macro   0x0000000000000000       0x6a stm32f103c6_drivers/stm32f103c6_USART_driver.o
 .debug_macro   0x0000000000000000      0x1df stm32f103c6_drivers/stm32f103c6_USART_driver.o
 .debug_macro   0x0000000000000000      0x228 stm32f103c6_drivers/stm32f103c6_USART_driver.o
 .debug_macro   0x0000000000000000       0xca stm32f103c6_drivers/stm32f103c6_USART_driver.o
 .debug_macro   0x0000000000000000       0xc4 stm32f103c6_drivers/stm32f103c6_USART_driver.o
 .text          0x0000000000000000        0x0 c:/st/stm32cubeide_1.4.0/stm32cubeide/plugins/com.st.stm32cube.ide.mcu.externaltools.gnu-tools-for-stm32.7-2018-q2-update.win32_1.4.0.202007081208/tools/bin/../lib/gcc/arm-none-eabi/7.3.1/../../../../arm-none-eabi/lib/thumb/v7-m\libc_nano.a(lib_a-errno.o)
 .data          0x0000000000000000        0x0 c:/st/stm32cubeide_1.4.0/stm32cubeide/plugins/com.st.stm32cube.ide.mcu.externaltools.gnu-tools-for-stm32.7-2018-q2-update.win32_1.4.0.202007081208/tools/bin/../lib/gcc/arm-none-eabi/7.3.1/../../../../arm-none-eabi/lib/thumb/v7-m\libc_nano.a(lib_a-errno.o)
 .bss           0x0000000000000000        0x0 c:/st/stm32cubeide_1.4.0/stm32cubeide/plugins/com.st.stm32cube.ide.mcu.externaltools.gnu-tools-for-stm32.7-2018-q2-update.win32_1.4.0.202007081208/tools/bin/../lib/gcc/arm-none-eabi/7.3.1/../../../../arm-none-eabi/lib/thumb/v7-m\libc_nano.a(lib_a-errno.o)
 .text.__errno  0x0000000000000000        0xc c:/st/stm32cubeide_1.4.0/stm32cubeide/plugins/com.st.stm32cube.ide.mcu.externaltools.gnu-tools-for-stm32.7-2018-q2-update.win32_1.4.0.202007081208/tools/bin/../lib/gcc/arm-none-eabi/7.3.1/../../../../arm-none-eabi/lib/thumb/v7-m\libc_nano.a(lib_a-errno.o)
 .debug_frame   0x0000000000000000       0x20 c:/st/stm32cubeide_1.4.0/stm32cubeide/plugins/com.st.stm32cube.ide.mcu.externaltools.gnu-tools-for-stm32.7-2018-q2-update.win32_1.4.0.202007081208/tools/bin/../lib/gcc/arm-none-eabi/7.3.1/../../../../arm-none-eabi/lib/thumb/v7-m\libc_nano.a(lib_a-errno.o)
 .ARM.attributes
                0x0000000000000000       0x2d c:/st/stm32cubeide_1.4.0/stm32cubeide/plugins/com.st.stm32cube.ide.mcu.externaltools.gnu-tools-for-stm32.7-2018-q2-update.win32_1.4.0.202007081208/tools/bin/../lib/gcc/arm-none-eabi/7.3.1/../../../../arm-none-eabi/lib/thumb/v7-m\libc_nano.a(lib_a-errno.o)
 .text          0x0000000000000000        0x0 c:/st/stm32cubeide_1.4.0/stm32cubeide/plugins/com.st.stm32cube.ide.mcu.externaltools.gnu-tools-for-stm32.7-2018-q2-update.win32_1.4.0.202007081208/tools/bin/../lib/gcc/arm-none-eabi/7.3.1/../../../../arm-none-eabi/lib/thumb/v7-m\libc_nano.a(lib_a-exit.o)
 .data          0x0000000000000000        0x0 c:/st/stm32cubeide_1.4.0/stm32cubeide/plugins/com.st.stm32cube.ide.mcu.externaltools.gnu-tools-for-stm32.7-2018-q2-update.win32_1.4.0.202007081208/tools/bin/../lib/gcc/arm-none-eabi/7.3.1/../../../../arm-none-eabi/lib/thumb/v7-m\libc_nano.a(lib_a-exit.o)
 .bss           0x0000000000000000        0x0 c:/st/stm32cubeide_1.4.0/stm32cubeide/plugins/com.st.stm32cube.ide.mcu.externaltools.gnu-tools-for-stm32.7-2018-q2-update.win32_1.4.0.202007081208/tools/bin/../lib/gcc/arm-none-eabi/7.3.1/../../../../arm-none-eabi/lib/thumb/v7-m\libc_nano.a(lib_a-exit.o)
 .text.exit     0x0000000000000000       0x28 c:/st/stm32cubeide_1.4.0/stm32cubeide/plugins/com.st.stm32cube.ide.mcu.externaltools.gnu-tools-for-stm32.7-2018-q2-update.win32_1.4.0.202007081208/tools/bin/../lib/gcc/arm-none-eabi/7.3.1/../../../../arm-none-eabi/lib/thumb/v7-m\libc_nano.a(lib_a-exit.o)
 .debug_frame   0x0000000000000000       0x28 c:/st/stm32cubeide_1.4.0/stm32cubeide/plugins/com.st.stm32cube.ide.mcu.externaltools.gnu-tools-for-stm32.7-2018-q2-update.win32_1.4.0.202007081208/tools/bin/../lib/gcc/arm-none-eabi/7.3.1/../../../../arm-none-eabi/lib/thumb/v7-m\libc_nano.a(lib_a-exit.o)
 .ARM.attributes
                0x0000000000000000       0x2d c:/st/stm32cubeide_1.4.0/stm32cubeide/plugins/com.st.stm32cube.ide.mcu.externaltools.gnu-tools-for-stm32.7-2018-q2-update.win32_1.4.0.202007081208/tools/bin/../lib/gcc/arm-none-eabi/7.3.1/../../../../arm-none-eabi/lib/thumb/v7-m\libc_nano.a(lib_a-exit.o)
 .text          0x0000000000000000        0x0 c:/st/stm32cubeide_1.4.0/stm32cubeide/plugins/com.st.stm32cube.ide.mcu.externaltools.gnu-tools-for-stm32.7-2018-q2-update.win32_1.4.0.202007081208/tools/bin/../lib/gcc/arm-none-eabi/7.3.1/../../../../arm-none-eabi/lib/thumb/v7-m\libc_nano.a(lib_a-impure.o)
 .data          0x0000000000000000        0x0 c:/st/stm32cubeide_1.4.0/stm32cubeide/plugins/com.st.stm32cube.ide.mcu.externaltools.gnu-tools-for-stm32.7-2018-q2-update.win32_1.4.0.202007081208/tools/bin/../lib/gcc/arm-none-eabi/7.3.1/../../../../arm-none-eabi/lib/thumb/v7-m\libc_nano.a(lib_a-impure.o)
 .bss           0x0000000000000000        0x0 c:/st/stm32cubeide_1.4.0/stm32cubeide/plugins/com.st.stm32cube.ide.mcu.externaltools.gnu-tools-for-stm32.7-2018-q2-update.win32_1.4.0.202007081208/tools/bin/../lib/gcc/arm-none-eabi/7.3.1/../../../../arm-none-eabi/lib/thumb/v7-m\libc_nano.a(lib_a-impure.o)
 .data._impure_ptr
                0x0000000000000000        0x4 c:/st/stm32cubeide_1.4.0/stm32cubeide/plugins/com.st.stm32cube.ide.mcu.externaltools.gnu-tools-for-stm32.7-2018-q2-update.win32_1.4.0.202007081208/tools/bin/../lib/gcc/arm-none-eabi/7.3.1/../../../../arm-none-eabi/lib/thumb/v7-m\libc_nano.a(lib_a-impure.o)
 .data.impure_data
                0x0000000000000000       0x60 c:/st/stm32cubeide_1.4.0/stm32cubeide/plugins/com.st.stm32cube.ide.mcu.externaltools.gnu-tools-for-stm32.7-2018-q2-update.win32_1.4.0.202007081208/tools/bin/../lib/gcc/arm-none-eabi/7.3.1/../../../../arm-none-eabi/lib/thumb/v7-m\libc_nano.a(lib_a-impure.o)
 .rodata._global_impure_ptr
                0x0000000000000000        0x4 c:/st/stm32cubeide_1.4.0/stm32cubeide/plugins/com.st.stm32cube.ide.mcu.externaltools.gnu-tools-for-stm32.7-2018-q2-update.win32_1.4.0.202007081208/tools/bin/../lib/gcc/arm-none-eabi/7.3.1/../../../../arm-none-eabi/lib/thumb/v7-m\libc_nano.a(lib_a-impure.o)
 .ARM.attributes
                0x0000000000000000       0x2d c:/st/stm32cubeide_1.4.0/stm32cubeide/plugins/com.st.stm32cube.ide.mcu.externaltools.gnu-tools-for-stm32.7-2018-q2-update.win32_1.4.0.202007081208/tools/bin/../lib/gcc/arm-none-eabi/7.3.1/../../../../arm-none-eabi/lib/thumb/v7-m\libc_nano.a(lib_a-impure.o)
 .text          0x0000000000000000        0x0 c:/st/stm32cubeide_1.4.0/stm32cubeide/plugins/com.st.stm32cube.ide.mcu.externaltools.gnu-tools-for-stm32.7-2018-q2-update.win32_1.4.0.202007081208/tools/bin/../lib/gcc/arm-none-eabi/7.3.1/../../../../arm-none-eabi/lib/thumb/v7-m\libc_nano.a(lib_a-init.o)
 .data          0x0000000000000000        0x0 c:/st/stm32cubeide_1.4.0/stm32cubeide/plugins/com.st.stm32cube.ide.mcu.externaltools.gnu-tools-for-stm32.7-2018-q2-update.win32_1.4.0.202007081208/tools/bin/../lib/gcc/arm-none-eabi/7.3.1/../../../../arm-none-eabi/lib/thumb/v7-m\libc_nano.a(lib_a-init.o)
 .bss           0x0000000000000000        0x0 c:/st/stm32cubeide_1.4.0/stm32cubeide/plugins/com.st.stm32cube.ide.mcu.externaltools.gnu-tools-for-stm32.7-2018-q2-update.win32_1.4.0.202007081208/tools/bin/../lib/gcc/arm-none-eabi/7.3.1/../../../../arm-none-eabi/lib/thumb/v7-m\libc_nano.a(lib_a-init.o)
 .text          0x0000000000000000        0x0 c:/st/stm32cubeide_1.4.0/stm32cubeide/plugins/com.st.stm32cube.ide.mcu.externaltools.gnu-tools-for-stm32.7-2018-q2-update.win32_1.4.0.202007081208/tools/bin/../lib/gcc/arm-none-eabi/7.3.1/../../../../arm-none-eabi/lib/thumb/v7-m\libc_nano.a(lib_a-memset.o)
 .data          0x0000000000000000        0x0 c:/st/stm32cubeide_1.4.0/stm32cubeide/plugins/com.st.stm32cube.ide.mcu.externaltools.gnu-tools-for-stm32.7-2018-q2-update.win32_1.4.0.202007081208/tools/bin/../lib/gcc/arm-none-eabi/7.3.1/../../../../arm-none-eabi/lib/thumb/v7-m\libc_nano.a(lib_a-memset.o)
 .bss           0x0000000000000000        0x0 c:/st/stm32cubeide_1.4.0/stm32cubeide/plugins/com.st.stm32cube.ide.mcu.externaltools.gnu-tools-for-stm32.7-2018-q2-update.win32_1.4.0.202007081208/tools/bin/../lib/gcc/arm-none-eabi/7.3.1/../../../../arm-none-eabi/lib/thumb/v7-m\libc_nano.a(lib_a-memset.o)
 .text.memset   0x0000000000000000       0x10 c:/st/stm32cubeide_1.4.0/stm32cubeide/plugins/com.st.stm32cube.ide.mcu.externaltools.gnu-tools-for-stm32.7-2018-q2-update.win32_1.4.0.202007081208/tools/bin/../lib/gcc/arm-none-eabi/7.3.1/../../../../arm-none-eabi/lib/thumb/v7-m\libc_nano.a(lib_a-memset.o)
 .debug_frame   0x0000000000000000       0x20 c:/st/stm32cubeide_1.4.0/stm32cubeide/plugins/com.st.stm32cube.ide.mcu.externaltools.gnu-tools-for-stm32.7-2018-q2-update.win32_1.4.0.202007081208/tools/bin/../lib/gcc/arm-none-eabi/7.3.1/../../../../arm-none-eabi/lib/thumb/v7-m\libc_nano.a(lib_a-memset.o)
 .ARM.attributes
                0x0000000000000000       0x2d c:/st/stm32cubeide_1.4.0/stm32cubeide/plugins/com.st.stm32cube.ide.mcu.externaltools.gnu-tools-for-stm32.7-2018-q2-update.win32_1.4.0.202007081208/tools/bin/../lib/gcc/arm-none-eabi/7.3.1/../../../../arm-none-eabi/lib/thumb/v7-m\libc_nano.a(lib_a-memset.o)
 .text          0x0000000000000000        0x0 c:/st/stm32cubeide_1.4.0/stm32cubeide/plugins/com.st.stm32cube.ide.mcu.externaltools.gnu-tools-for-stm32.7-2018-q2-update.win32_1.4.0.202007081208/tools/bin/../lib/gcc/arm-none-eabi/7.3.1/thumb/v7-m/crtend.o
 .data          0x0000000000000000        0x0 c:/st/stm32cubeide_1.4.0/stm32cubeide/plugins/com.st.stm32cube.ide.mcu.externaltools.gnu-tools-for-stm32.7-2018-q2-update.win32_1.4.0.202007081208/tools/bin/../lib/gcc/arm-none-eabi/7.3.1/thumb/v7-m/crtend.o
 .bss           0x0000000000000000        0x0 c:/st/stm32cubeide_1.4.0/stm32cubeide/plugins/com.st.stm32cube.ide.mcu.externaltools.gnu-tools-for-stm32.7-2018-q2-update.win32_1.4.0.202007081208/tools/bin/../lib/gcc/arm-none-eabi/7.3.1/thumb/v7-m/crtend.o
 .eh_frame      0x0000000000000000        0x4 c:/st/stm32cubeide_1.4.0/stm32cubeide/plugins/com.st.stm32cube.ide.mcu.externaltools.gnu-tools-for-stm32.7-2018-q2-update.win32_1.4.0.202007081208/tools/bin/../lib/gcc/arm-none-eabi/7.3.1/thumb/v7-m/crtend.o
 .ARM.attributes
                0x0000000000000000       0x2d c:/st/stm32cubeide_1.4.0/stm32cubeide/plugins/com.st.stm32cube.ide.mcu.externaltools.gnu-tools-for-stm32.7-2018-q2-update.win32_1.4.0.202007081208/tools/bin/../lib/gcc/arm-none-eabi/7.3.1/thumb/v7-m/crtend.o
 .text          0x0000000000000000        0x0 c:/st/stm32cubeide_1.4.0/stm32cubeide/plugins/com.st.stm32cube.ide.mcu.externaltools.gnu-tools-for-stm32.7-2018-q2-update.win32_1.4.0.202007081208/tools/bin/../lib/gcc/arm-none-eabi/7.3.1/thumb/v7-m/crtn.o
 .data          0x0000000000000000        0x0 c:/st/stm32cubeide_1.4.0/stm32cubeide/plugins/com.st.stm32cube.ide.mcu.externaltools.gnu-tools-for-stm32.7-2018-q2-update.win32_1.4.0.202007081208/tools/bin/../lib/gcc/arm-none-eabi/7.3.1/thumb/v7-m/crtn.o
 .bss           0x0000000000000000        0x0 c:/st/stm32cubeide_1.4.0/stm32cubeide/plugins/com.st.stm32cube.ide.mcu.externaltools.gnu-tools-for-stm32.7-2018-q2-update.win32_1.4.0.202007081208/tools/bin/../lib/gcc/arm-none-eabi/7.3.1/thumb/v7-m/crtn.o

Memory Configuration

Name             Origin             Length             Attributes
RAM              0x0000000020000000 0x0000000000002800 xrw
ROM              0x0000000008000000 0x0000000000008000 xr
*default*        0x0000000000000000 0xffffffffffffffff

Linker script and memory map

LOAD c:/st/stm32cubeide_1.4.0/stm32cubeide/plugins/com.st.stm32cube.ide.mcu.externaltools.gnu-tools-for-stm32.7-2018-q2-update.win32_1.4.0.202007081208/tools/bin/../lib/gcc/arm-none-eabi/7.3.1/thumb/v7-m/crti.o
LOAD c:/st/stm32cubeide_1.4.0/stm32cubeide/plugins/com.st.stm32cube.ide.mcu.externaltools.gnu-tools-for-stm32.7-2018-q2-update.win32_1.4.0.202007081208/tools/bin/../lib/gcc/arm-none-eabi/7.3.1/thumb/v7-m/crtbegin.o
LOAD c:/st/stm32cubeide_1.4.0/stm32cubeide/plugins/com.st.stm32cube.ide.mcu.externaltools.gnu-tools-for-stm32.7-2018-q2-update.win32_1.4.0.202007081208/tools/bin/../lib/gcc/arm-none-eabi/7.3.1/../../../../arm-none-eabi/lib/thumb/v7-m/crt0.o
LOAD HAL/keypad.o
LOAD HAL/lcd.o
LOAD HAL/seven_seg.o
LOAD Src/main.o
LOAD Src/syscalls.o
LOAD Src/sysmem.o
LOAD Startup/startup_stm32f103c6tx.o
LOAD stm32f103c6_drivers/stm32f01c6_RCC_driver.o
LOAD stm32f103c6_drivers/stm32f103c6_EXTI_driver.o
LOAD stm32f103c6_drivers/stm32f103c6_GPIO_driver.o
LOAD stm32f103c6_drivers/stm32f103c6_USART_driver.o
START GROUP
LOAD c:/st/stm32cubeide_1.4.0/stm32cubeide/plugins/com.st.stm32cube.ide.mcu.externaltools.gnu-tools-for-stm32.7-2018-q2-update.win32_1.4.0.202007081208/tools/bin/../lib/gcc/arm-none-eabi/7.3.1/../../../../arm-none-eabi/lib/thumb/v7-m\libc_nano.a
LOAD c:/st/stm32cubeide_1.4.0/stm32cubeide/plugins/com.st.stm32cube.ide.mcu.externaltools.gnu-tools-for-stm32.7-2018-q2-update.win32_1.4.0.202007081208/tools/bin/../lib/gcc/arm-none-eabi/7.3.1/../../../../arm-none-eabi/lib/thumb/v7-m\libm.a
END GROUP
START GROUP
LOAD c:/st/stm32cubeide_1.4.0/stm32cubeide/plugins/com.st.stm32cube.ide.mcu.externaltools.gnu-tools-for-stm32.7-2018-q2-update.win32_1.4.0.202007081208/tools/bin/../lib/gcc/arm-none-eabi/7.3.1/thumb/v7-m\libgcc.a
LOAD c:/st/stm32cubeide_1.4.0/stm32cubeide/plugins/com.st.stm32cube.ide.mcu.externaltools.gnu-tools-for-stm32.7-2018-q2-update.win32_1.4.0.202007081208/tools/bin/../lib/gcc/arm-none-eabi/7.3.1/../../../../arm-none-eabi/lib/thumb/v7-m\libg_nano.a
LOAD c:/st/stm32cubeide_1.4.0/stm32cubeide/plugins/com.st.stm32cube.ide.mcu.externaltools.gnu-tools-for-stm32.7-2018-q2-update.win32_1.4.0.202007081208/tools/bin/../lib/gcc/arm-none-eabi/7.3.1/../../../../arm-none-eabi/lib/thumb/v7-m\libc_nano.a
END GROUP
START GROUP
LOAD c:/st/stm32cubeide_1.4.0/stm32cubeide/plugins/com.st.stm32cube.ide.mcu.externaltools.gnu-tools-for-stm32.7-2018-q2-update.win32_1.4.0.202007081208/tools/bin/../lib/gcc/arm-none-eabi/7.3.1/thumb/v7-m\libgcc.a
LOAD c:/st/stm32cubeide_1.4.0/stm32cubeide/plugins/com.st.stm32cube.ide.mcu.externaltools.gnu-tools-for-stm32.7-2018-q2-update.win32_1.4.0.202007081208/tools/bin/../lib/gcc/arm-none-eabi/7.3.1/../../../../arm-none-eabi/lib/thumb/v7-m\libc_nano.a
LOAD c:/st/stm32cubeide_1.4.0/stm32cubeide/plugins/com.st.stm32cube.ide.mcu.externaltools.gnu-tools-for-stm32.7-2018-q2-update.win32_1.4.0.202007081208/tools/bin/../lib/gcc/arm-none-eabi/7.3.1/../../../../arm-none-eabi/lib/thumb/v7-m\libnosys.a
END GROUP
START GROUP
LOAD c:/st/stm32cubeide_1.4.0/stm32cubeide/plugins/com.st.stm32cube.ide.mcu.externaltools.gnu-tools-for-stm32.7-2018-q2-update.win32_1.4.0.202007081208/tools/bin/../lib/gcc/arm-none-eabi/7.3.1/thumb/v7-m\libgcc.a
LOAD c:/st/stm32cubeide_1.4.0/stm32cubeide/plugins/com.st.stm32cube.ide.mcu.externaltools.gnu-tools-for-stm32.7-2018-q2-update.win32_1.4.0.202007081208/tools/bin/../lib/gcc/arm-none-eabi/7.3.1/../../../../arm-none-eabi/lib/thumb/v7-m\libc_nano.a
LOAD c:/st/stm32cubeide_1.4.0/stm32cubeide/plugins/com.st.stm32cube.ide.mcu.externaltools.gnu-tools-for-stm32.7-2018-q2-update.win32_1.4.0.202007081208/tools/bin/../lib/gcc/arm-none-eabi/7.3.1/../../../../arm-none-eabi/lib/thumb/v7-m\libnosys.a
END GROUP
LOAD c:/st/stm32cubeide_1.4.0/stm32cubeide/plugins/com.st.stm32cube.ide.mcu.externaltools.gnu-tools-for-stm32.7-2018-q2-update.win32_1.4.0.202007081208/tools/bin/../lib/gcc/arm-none-eabi/7.3.1/thumb/v7-m/crtend.o
LOAD c:/st/stm32cubeide_1.4.0/stm32cubeide/plugins/com.st.stm32cube.ide.mcu.externaltools.gnu-tools-for-stm32.7-2018-q2-update.win32_1.4.0.202007081208/tools/bin/../lib/gcc/arm-none-eabi/7.3.1/thumb/v7-m/crtn.o
                0x0000000020002800                _estack = (ORIGIN (RAM) + LENGTH (RAM))
                0x0000000000000200                _Min_Heap_Size = 0x200
                0x0000000000000400                _Min_Stack_Size = 0x400

.isr_vector     0x0000000008000000      0x130
                0x0000000008000000                . = ALIGN (0x4)
 *(.isr_vector)
 .isr_vector    0x0000000008000000      0x130 Startup/startup_stm32f103c6tx.o
                0x0000000008000000                g_pfnVectors
                0x0000000008000130                . = ALIGN (0x4)

.text           0x0000000008000130      0xdf0
                0x0000000008000130                . = ALIGN (0x4)
 *(.text)
 .text          0x0000000008000130       0x40 c:/st/stm32cubeide_1.4.0/stm32cubeide/plugins/com.st.stm32cube.ide.mcu.externaltools.gnu-tools-for-stm32.7-2018-q2-update.win32_1.4.0.202007081208/tools/bin/../lib/gcc/arm-none-eabi/7.3.1/thumb/v7-m/crtbegin.o
 *(.text*)
 .text.USART_fun
                0x0000000008000170       0x24 Src/main.o
                0x0000000008000170                USART_fun
 .text.main     0x0000000008000194       0x64 Src/main.o
                0x0000000008000194                main
 .text.Reset_Handler
                0x00000000080001f8       0x50 Startup/startup_stm32f103c6tx.o
                0x00000000080001f8                Reset_Handler
 .text.Default_Handler
                0x0000000008000248        0x2 Startup/startup_stm32f103c6tx.o
                0x0000000008000248                TIM8_TRG_COM_IRQHandler
                0x0000000008000248                TIM8_CC_IRQHandler
                0x0000000008000248                DebugMon_Handler
                0x0000000008000248                TIM1_CC_IRQHandler
                0x0000000008000248                HardFault_Handler
                0x0000000008000248                TIM6_IRQHandler
                0x0000000008000248                SysTick_Handler
                0x0000000008000248                PVD_IRQHandler
                0x0000000008000248                SDIO_IRQHandler
                0x0000000008000248                PendSV_Handler
                0x0000000008000248                NMI_Handler
                0x0000000008000248                USB_HP_CAN_TX_IRQHandler
                0x0000000008000248                I2C2_EV_IRQHandler
                0x0000000008000248                UsageFault_Handler
                0x0000000008000248                ADC1_2_IRQHandler
                0x0000000008000248                SPI1_IRQHandler
                0x0000000008000248                CAN_SCE_IRQHandler
                0x0000000008000248                TAMPER_IRQHandler
                0x0000000008000248                TIM8_UP_IRQHandler
                0x0000000008000248                DMA2_Channel2_IRQHandler
                0x0000000008000248                DMA1_Channel4_IRQHandler
                0x0000000008000248                RTC_IRQHandler
                0x0000000008000248                DMA1_Channel7_IRQHandler
                0x0000000008000248                UART5_IRQHandler
                0x0000000008000248                ADC3_IRQHandler
                0x0000000008000248                TIM4_IRQHandler
                0x0000000008000248                CAN_RX1_IRQHandler
                0x0000000008000248                DMA2_Channel1_IRQHandler
                0x0000000008000248                I2C1_EV_IRQHandler
                0x0000000008000248                DMA1_Channel6_IRQHandler
                0x0000000008000248                UART4_IRQHandler
                0x0000000008000248                TIM3_IRQHandler
                0x0000000008000248                RCC_IRQHandler
                0x0000000008000248                TIM1_TRG_COM_IRQHandler
                0x0000000008000248                DMA1_Channel1_IRQHandler
                0x0000000008000248                Default_Handler
                0x0000000008000248                TIM7_IRQHandler
                0x0000000008000248                TIM5_IRQHandler
                0x0000000008000248                SPI2_IRQHandler
                0x0000000008000248                USB_LP_CAN_RX0_IRQHandler
                0x0000000008000248                MemManage_Handler
                0x0000000008000248                SVC_Handler
                0x0000000008000248                DMA1_Channel5_IRQHandler
                0x0000000008000248                DMA1_Channel3_IRQHandler
                0x0000000008000248                FSMC_IRQHandler
                0x0000000008000248                TIM1_UP_IRQHandler
                0x0000000008000248                WWDG_IRQHandler
                0x0000000008000248                TIM2_IRQHandler
                0x0000000008000248                TIM1_BRK_IRQHandler
                0x0000000008000248                RTCAlarm_IRQHandler
                0x0000000008000248                DMA2_Channel4_5_IRQHandler
                0x0000000008000248                I2C2_ER_IRQHandler
                0x0000000008000248                DMA1_Channel2_IRQHandler
                0x0000000008000248                TIM8_BRK_IRQHandler
                0x0000000008000248                FLASH_IRQHandler
                0x0000000008000248                BusFault_Handler
                0x0000000008000248                SPI3_IRQHandler
                0x0000000008000248                I2C1_ER_IRQHandler
                0x0000000008000248                DMA2_Channel3_IRQHandler
 *fill*         0x000000000800024a        0x2 
 .text.MCAL_RCC_get_system_clock
                0x000000000800024c       0xa0 stm32f103c6_drivers/stm32f01c6_RCC_driver.o
                0x000000000800024c                MCAL_RCC_get_system_clock
 .text.MCAL_RCC_get_AHB_clock
                0x00000000080002ec       0x28 stm32f103c6_drivers/stm32f01c6_RCC_driver.o
                0x00000000080002ec                MCAL_RCC_get_AHB_clock
 .text.MCAL_RCC_get_APB1_clock
                0x0000000008000314       0x28 stm32f103c6_drivers/stm32f01c6_RCC_driver.o
                0x0000000008000314                MCAL_RCC_get_APB1_clock
 .text.MCAL_RCC_get_APB2_clock
                0x000000000800033c       0x28 stm32f103c6_drivers/stm32f01c6_RCC_driver.o
                0x000000000800033c                MCAL_RCC_get_APB2_clock
 .text.EXTI0_IRQHandler
                0x0000000008000364       0x24 stm32f103c6_drivers/stm32f103c6_EXTI_driver.o
                0x0000000008000364                EXTI0_IRQHandler
 .text.EXTI1_IRQHandler
                0x0000000008000388       0x24 stm32f103c6_drivers/stm32f103c6_EXTI_driver.o
                0x0000000008000388                EXTI1_IRQHandler
 .text.EXTI2_IRQHandler
                0x00000000080003ac       0x24 stm32f103c6_drivers/stm32f103c6_EXTI_driver.o
                0x00000000080003ac                EXTI2_IRQHandler
 .text.EXTI3_IRQHandler
                0x00000000080003d0       0x24 stm32f103c6_drivers/stm32f103c6_EXTI_driver.o
                0x00000000080003d0                EXTI3_IRQHandler
 .text.EXTI4_IRQHandler
                0x00000000080003f4       0x24 stm32f103c6_drivers/stm32f103c6_EXTI_driver.o
                0x00000000080003f4                EXTI4_IRQHandler
 .text.EXTI9_5_IRQHandler
                0x0000000008000418       0xa8 stm32f103c6_drivers/stm32f103c6_EXTI_driver.o
                0x0000000008000418                EXTI9_5_IRQHandler
 .text.EXTI15_10_IRQHandler
                0x00000000080004c0       0xc4 stm32f103c6_drivers/stm32f103c6_EXTI_driver.o
                0x00000000080004c0                EXTI15_10_IRQHandler
 .text.MCAL_GPIO_init
                0x0000000008000584      0x1bc stm32f103c6_drivers/stm32f103c6_GPIO_driver.o
                0x0000000008000584                MCAL_GPIO_init
 .text.MCAL_USART_init
                0x0000000008000740      0x1f8 stm32f103c6_drivers/stm32f103c6_USART_driver.o
                0x0000000008000740                MCAL_USART_init
 .text.MCAL_USART_GPIO_setpins
                0x0000000008000938      0x348 stm32f103c6_drivers/stm32f103c6_USART_driver.o
                0x0000000008000938                MCAL_USART_GPIO_setpins
 .text.MCAL_USART_send_data
                0x0000000008000c80       0xb4 stm32f103c6_drivers/stm32f103c6_USART_driver.o
                0x0000000008000c80                MCAL_USART_send_data
 .text.MCAL_USART_recieve_data
                0x0000000008000d34      0x150 stm32f103c6_drivers/stm32f103c6_USART_driver.o
                0x0000000008000d34                MCAL_USART_recieve_data
 .text.USART1_IRQHandler
                0x0000000008000e84       0x14 stm32f103c6_drivers/stm32f103c6_USART_driver.o
                0x0000000008000e84                USART1_IRQHandler
 .text.USART2_IRQHandler
                0x0000000008000e98       0x14 stm32f103c6_drivers/stm32f103c6_USART_driver.o
                0x0000000008000e98                USART2_IRQHandler
 .text.USART3_IRQHandler
                0x0000000008000eac       0x14 stm32f103c6_drivers/stm32f103c6_USART_driver.o
                0x0000000008000eac                USART3_IRQHandler
 .text.__libc_init_array
                0x0000000008000ec0       0x48 c:/st/stm32cubeide_1.4.0/stm32cubeide/plugins/com.st.stm32cube.ide.mcu.externaltools.gnu-tools-for-stm32.7-2018-q2-update.win32_1.4.0.202007081208/tools/bin/../lib/gcc/arm-none-eabi/7.3.1/../../../../arm-none-eabi/lib/thumb/v7-m\libc_nano.a(lib_a-init.o)
                0x0000000008000ec0                __libc_init_array
 *(.glue_7)
 .glue_7        0x0000000008000f08        0x0 linker stubs
 *(.glue_7t)
 .glue_7t       0x0000000008000f08        0x0 linker stubs
 *(.eh_frame)
 .eh_frame      0x0000000008000f08        0x0 c:/st/stm32cubeide_1.4.0/stm32cubeide/plugins/com.st.stm32cube.ide.mcu.externaltools.gnu-tools-for-stm32.7-2018-q2-update.win32_1.4.0.202007081208/tools/bin/../lib/gcc/arm-none-eabi/7.3.1/thumb/v7-m/crtbegin.o
 *(.init)
 .init          0x0000000008000f08        0x4 c:/st/stm32cubeide_1.4.0/stm32cubeide/plugins/com.st.stm32cube.ide.mcu.externaltools.gnu-tools-for-stm32.7-2018-q2-update.win32_1.4.0.202007081208/tools/bin/../lib/gcc/arm-none-eabi/7.3.1/thumb/v7-m/crti.o
                0x0000000008000f08                _init
 .init          0x0000000008000f0c        0x8 c:/st/stm32cubeide_1.4.0/stm32cubeide/plugins/com.st.stm32cube.ide.mcu.externaltools.gnu-tools-for-stm32.7-2018-q2-update.win32_1.4.0.202007081208/tools/bin/../lib/gcc/arm-none-eabi/7.3.1/thumb/v7-m/crtn.o
 *(.fini)
 .fini          0x0000000008000f14        0x4 c:/st/stm32cubeide_1.4.0/stm32cubeide/plugins/com.st.stm32cube.ide.mcu.externaltools.gnu-tools-for-stm32.7-2018-q2-update.win32_1.4.0.202007081208/tools/bin/../lib/gcc/arm-none-eabi/7.3.1/thumb/v7-m/crti.o
                0x0000000008000f14                _fini
 .fini          0x0000000008000f18        0x8 c:/st/stm32cubeide_1.4.0/stm32cubeide/plugins/com.st.stm32cube.ide.mcu.externaltools.gnu-tools-for-stm32.7-2018-q2-update.win32_1.4.0.202007081208/tools/bin/../lib/gcc/arm-none-eabi/7.3.1/thumb/v7-m/crtn.o
                0x0000000008000f20                . = ALIGN (0x4)
                0x0000000008000f20                _etext = .

.vfp11_veneer   0x0000000008000f20        0x0
 .vfp11_veneer  0x0000000008000f20        0x0 linker stubs

.v4_bx          0x0000000008000f20        0x0
 .v4_bx         0x0000000008000f20        0x0 linker stubs

.iplt           0x0000000008000f20        0x0
 .iplt          0x0000000008000f20        0x0 c:/st/stm32cubeide_1.4.0/stm32cubeide/plugins/com.st.stm32cube.ide.mcu.externaltools.gnu-tools-for-stm32.7-2018-q2-update.win32_1.4.0.202007081208/tools/bin/../lib/gcc/arm-none-eabi/7.3.1/thumb/v7-m/crtbegin.o

.rel.dyn        0x0000000008000f20        0x0
 .rel.iplt      0x0000000008000f20        0x0 c:/st/stm32cubeide_1.4.0/stm32cubeide/plugins/com.st.stm32cube.ide.mcu.externaltools.gnu-tools-for-stm32.7-2018-q2-update.win32_1.4.0.202007081208/tools/bin/../lib/gcc/arm-none-eabi/7.3.1/thumb/v7-m/crtbegin.o

.rodata         0x0000000008000f20        0x0
                0x0000000008000f20                . = ALIGN (0x4)
 *(.rodata)
 *(.rodata*)
                0x0000000008000f20                . = ALIGN (0x4)

.ARM.extab      0x0000000008000f20        0x0
                0x0000000008000f20                . = ALIGN (0x4)
 *(.ARM.extab* .gnu.linkonce.armextab.*)
                0x0000000008000f20                . = ALIGN (0x4)

.ARM            0x0000000008000f20        0x0
                0x0000000008000f20                . = ALIGN (0x4)
                0x0000000008000f20                __exidx_start = .
 *(.ARM.exidx*)
                0x0000000008000f20                __exidx_end = .
                0x0000000008000f20                . = ALIGN (0x4)

.preinit_array  0x0000000008000f20        0x0
                0x0000000008000f20                . = ALIGN (0x4)
                0x0000000008000f20                PROVIDE (__preinit_array_start = .)
 *(.preinit_array*)
                0x0000000008000f20                PROVIDE (__preinit_array_end = .)
                0x0000000008000f20                . = ALIGN (0x4)

.init_array     0x0000000008000f20        0x4
                0x0000000008000f20                . = ALIGN (0x4)
                0x0000000008000f20                PROVIDE (__init_array_start = .)
 *(SORT_BY_NAME(.init_array.*))
 *(.init_array*)
 .init_array    0x0000000008000f20        0x4 c:/st/stm32cubeide_1.4.0/stm32cubeide/plugins/com.st.stm32cube.ide.mcu.externaltools.gnu-tools-for-stm32.7-2018-q2-update.win32_1.4.0.202007081208/tools/bin/../lib/gcc/arm-none-eabi/7.3.1/thumb/v7-m/crtbegin.o
                0x0000000008000f24                PROVIDE (__init_array_end = .)
                0x0000000008000f24                . = ALIGN (0x4)

.fini_array     0x0000000008000f24        0x4
                0x0000000008000f24                . = ALIGN (0x4)
                [!provide]                        PROVIDE (__fini_array_start = .)
 *(SORT_BY_NAME(.fini_array.*))
 *(.fini_array*)
 .fini_array    0x0000000008000f24        0x4 c:/st/stm32cubeide_1.4.0/stm32cubeide/plugins/com.st.stm32cube.ide.mcu.externaltools.gnu-tools-for-stm32.7-2018-q2-update.win32_1.4.0.202007081208/tools/bin/../lib/gcc/arm-none-eabi/7.3.1/thumb/v7-m/crtbegin.o
                [!provide]                        PROVIDE (__fini_array_end = .)
                0x0000000008000f28                . = ALIGN (0x4)
                0x0000000008000f28                _sidata = LOADADDR (.data)

.data           0x0000000020000000       0x18 load address 0x0000000008000f28
                0x0000000020000000                . = ALIGN (0x4)
                0x0000000020000000                _sdata = .
 *(.data)
 *(.data*)
 .data.AHBprescaler
                0x0000000020000000       0x10 stm32f103c6_drivers/stm32f01c6_RCC_driver.o
                0x0000000020000000                AHBprescaler
 .data.APBprescaler
                0x0000000020000010        0x8 stm32f103c6_drivers/stm32f01c6_RCC_driver.o
                0x0000000020000010                APBprescaler
                0x0000000020000018                . = ALIGN (0x4)
                0x0000000020000018                _edata = .

.igot.plt       0x0000000020000018        0x0 load address 0x0000000008000f40
 .igot.plt      0x0000000020000018        0x0 c:/st/stm32cubeide_1.4.0/stm32cubeide/plugins/com.st.stm32cube.ide.mcu.externaltools.gnu-tools-for-stm32.7-2018-q2-update.win32_1.4.0.202007081208/tools/bin/../lib/gcc/arm-none-eabi/7.3.1/thumb/v7-m/crtbegin.o
                0x0000000020000018                . = ALIGN (0x4)

.bss            0x0000000020000018       0xc0 load address 0x0000000008000f40
                0x0000000020000018                _sbss = .
                0x0000000020000018                __bss_start__ = _sbss
 *(.bss)
 .bss           0x0000000020000018       0x1c c:/st/stm32cubeide_1.4.0/stm32cubeide/plugins/com.st.stm32cube.ide.mcu.externaltools.gnu-tools-for-stm32.7-2018-q2-update.win32_1.4.0.202007081208/tools/bin/../lib/gcc/arm-none-eabi/7.3.1/thumb/v7-m/crtbegin.o
 *(.bss*)
 *(COMMON)
 COMMON         0x0000000020000034       0x64 Src/main.o
                0x0000000020000034                USART1_Config
                0x0000000020000054                mychar
                0x0000000020000058                USART3_Config
                0x0000000020000078                USART2_Config
 COMMON         0x0000000020000098       0x40 stm32f103c6_drivers/stm32f103c6_EXTI_driver.o
                0x0000000020000098                ISR_Func
                0x00000000200000d8                . = ALIGN (0x4)
                0x00000000200000d8                _ebss = .
                0x00000000200000d8                __bss_end__ = _ebss

._user_heap_stack
                0x00000000200000d8      0x600 load address 0x0000000008000f40
                0x00000000200000d8                . = ALIGN (0x8)
                [!provide]                        PROVIDE (end = .)
                0x00000000200000d8                PROVIDE (_end = .)
                0x00000000200002d8                . = (. + _Min_Heap_Size)
 *fill*         0x00000000200000d8      0x200 
                0x00000000200006d8                . = (. + _Min_Stack_Size)
 *fill*         0x00000000200002d8      0x400 
                0x00000000200006d8                . = ALIGN (0x8)

/DISCARD/
 libc.a(*)
 libm.a(*)
 libgcc.a(*)

.ARM.attributes
                0x0000000000000000       0x29
 *(.ARM.attributes)
 .ARM.attributes
                0x0000000000000000       0x1d c:/st/stm32cubeide_1.4.0/stm32cubeide/plugins/com.st.stm32cube.ide.mcu.externaltools.gnu-tools-for-stm32.7-2018-q2-update.win32_1.4.0.202007081208/tools/bin/../lib/gcc/arm-none-eabi/7.3.1/thumb/v7-m/crti.o
 .ARM.attributes
                0x000000000000001d       0x2d c:/st/stm32cubeide_1.4.0/stm32cubeide/plugins/com.st.stm32cube.ide.mcu.externaltools.gnu-tools-for-stm32.7-2018-q2-update.win32_1.4.0.202007081208/tools/bin/../lib/gcc/arm-none-eabi/7.3.1/thumb/v7-m/crtbegin.o
 .ARM.attributes
                0x000000000000004a       0x33 Src/main.o
 .ARM.attributes
                0x000000000000007d       0x21 Startup/startup_stm32f103c6tx.o
 .ARM.attributes
                0x000000000000009e       0x33 stm32f103c6_drivers/stm32f01c6_RCC_driver.o
 .ARM.attributes
                0x00000000000000d1       0x33 stm32f103c6_drivers/stm32f103c6_EXTI_driver.o
 .ARM.attributes
                0x0000000000000104       0x33 stm32f103c6_drivers/stm32f103c6_GPIO_driver.o
 .ARM.attributes
                0x0000000000000137       0x33 stm32f103c6_drivers/stm32f103c6_USART_driver.o
 .ARM.attributes
                0x000000000000016a       0x2d c:/st/stm32cubeide_1.4.0/stm32cubeide/plugins/com.st.stm32cube.ide.mcu.externaltools.gnu-tools-for-stm32.7-2018-q2-update.win32_1.4.0.202007081208/tools/bin/../lib/gcc/arm-none-eabi/7.3.1/../../../../arm-none-eabi/lib/thumb/v7-m\libc_nano.a(lib_a-init.o)
 .ARM.attributes
                0x0000000000000197       0x1d c:/st/stm32cubeide_1.4.0/stm32cubeide/plugins/com.st.stm32cube.ide.mcu.externaltools.gnu-tools-for-stm32.7-2018-q2-update.win32_1.4.0.202007081208/tools/bin/../lib/gcc/arm-none-eabi/7.3.1/thumb/v7-m/crtn.o
OUTPUT(Drivers.elf elf32-littlearm)

.debug_info     0x0000000000000000     0x1352
 .debug_info    0x0000000000000000      0x2cb Src/main.o
 .debug_info    0x00000000000002cb       0x22 Startup/startup_stm32f103c6tx.o
 .debug_info    0x00000000000002ed      0x296 stm32f103c6_drivers/stm32f01c6_RCC_driver.o
 .debug_info    0x0000000000000583      0x4a0 stm32f103c6_drivers/stm32f103c6_EXTI_driver.o
 .debug_info    0x0000000000000a23      0x41b stm32f103c6_drivers/stm32f103c6_GPIO_driver.o
 .debug_info    0x0000000000000e3e      0x514 stm32f103c6_drivers/stm32f103c6_USART_driver.o

.debug_abbrev   0x0000000000000000      0x558
 .debug_abbrev  0x0000000000000000       0xdb Src/main.o
 .debug_abbrev  0x00000000000000db       0x12 Startup/startup_stm32f103c6tx.o
 .debug_abbrev  0x00000000000000ed      0x104 stm32f103c6_drivers/stm32f01c6_RCC_driver.o
 .debug_abbrev  0x00000000000001f1      0x139 stm32f103c6_drivers/stm32f103c6_EXTI_driver.o
 .debug_abbrev  0x000000000000032a       0xf2 stm32f103c6_drivers/stm32f103c6_GPIO_driver.o
 .debug_abbrev  0x000000000000041c      0x13c stm32f103c6_drivers/stm32f103c6_USART_driver.o

.debug_loc      0x0000000000000000      0xa34
 .debug_loc     0x0000000000000000       0x58 Src/main.o
 .debug_loc     0x0000000000000058      0x13c stm32f103c6_drivers/stm32f01c6_RCC_driver.o
 .debug_loc     0x0000000000000194      0x2d0 stm32f103c6_drivers/stm32f103c6_EXTI_driver.o
 .debug_loc     0x0000000000000464      0x33c stm32f103c6_drivers/stm32f103c6_GPIO_driver.o
 .debug_loc     0x00000000000007a0      0x294 stm32f103c6_drivers/stm32f103c6_USART_driver.o

.debug_aranges  0x0000000000000000      0x1c8
 .debug_aranges
                0x0000000000000000       0x28 Src/main.o
 .debug_aranges
                0x0000000000000028       0x28 Startup/startup_stm32f103c6tx.o
 .debug_aranges
                0x0000000000000050       0x40 stm32f103c6_drivers/stm32f01c6_RCC_driver.o
 .debug_aranges
                0x0000000000000090       0x78 stm32f103c6_drivers/stm32f103c6_EXTI_driver.o
 .debug_aranges
                0x0000000000000108       0x60 stm32f103c6_drivers/stm32f103c6_GPIO_driver.o
 .debug_aranges
                0x0000000000000168       0x60 stm32f103c6_drivers/stm32f103c6_USART_driver.o

.debug_ranges   0x0000000000000000      0x170
 .debug_ranges  0x0000000000000000       0x18 Src/main.o
 .debug_ranges  0x0000000000000018       0x20 Startup/startup_stm32f103c6tx.o
 .debug_ranges  0x0000000000000038       0x30 stm32f103c6_drivers/stm32f01c6_RCC_driver.o
 .debug_ranges  0x0000000000000068       0x68 stm32f103c6_drivers/stm32f103c6_EXTI_driver.o
 .debug_ranges  0x00000000000000d0       0x50 stm32f103c6_drivers/stm32f103c6_GPIO_driver.o
 .debug_ranges  0x0000000000000120       0x50 stm32f103c6_drivers/stm32f103c6_USART_driver.o

.debug_macro    0x0000000000000000      0xa43
 .debug_macro   0x0000000000000000       0xaa Src/main.o
 .debug_macro   0x00000000000000aa      0x176 Src/main.o
 .debug_macro   0x0000000000000220       0xca Src/main.o
 .debug_macro   0x00000000000002ea       0xc4 Src/main.o
 .debug_macro   0x00000000000003ae       0xbe Src/main.o
 .debug_macro   0x000000000000046c       0x81 stm32f103c6_drivers/stm32f01c6_RCC_driver.o
 .debug_macro   0x00000000000004ed       0x8a stm32f103c6_drivers/stm32f103c6_EXTI_driver.o
 .debug_macro   0x0000000000000577      0x218 stm32f103c6_drivers/stm32f103c6_EXTI_driver.o
 .debug_macro   0x000000000000078f       0x81 stm32f103c6_drivers/stm32f103c6_GPIO_driver.o
 .debug_macro   0x0000000000000810       0xb7 stm32f103c6_drivers/stm32f103c6_USART_driver.o
 .debug_macro   0x00000000000008c7      0x17c stm32f103c6_drivers/stm32f103c6_USART_driver.o

.debug_line     0x0000000000000000     0x1a17
 .debug_line    0x0000000000000000      0x47a Src/main.o
 .debug_line    0x000000000000047a       0x84 Startup/startup_stm32f103c6tx.o
 .debug_line    0x00000000000004fe      0x466 stm32f103c6_drivers/stm32f01c6_RCC_driver.o
 .debug_line    0x0000000000000964      0x59a stm32f103c6_drivers/stm32f103c6_EXTI_driver.o
 .debug_line    0x0000000000000efe      0x50e stm32f103c6_drivers/stm32f103c6_GPIO_driver.o
 .debug_line    0x000000000000140c      0x60b stm32f103c6_drivers/stm32f103c6_USART_driver.o

.debug_str      0x0000000000000000     0x7129
 .debug_str     0x0000000000000000     0x5806 Src/main.o
                                       0x5973 (size before relaxing)
 .debug_str     0x0000000000005806       0x31 Startup/startup_stm32f103c6tx.o
                                         0x5d (size before relaxing)
 .debug_str     0x0000000000005837      0x141 stm32f103c6_drivers/stm32f01c6_RCC_driver.o
                                       0x5042 (size before relaxing)
 .debug_str     0x0000000000005978     0x136f stm32f103c6_drivers/stm32f103c6_EXTI_driver.o
                                       0x5bef (size before relaxing)
 .debug_str     0x0000000000006ce7      0x111 stm32f103c6_drivers/stm32f103c6_GPIO_driver.o
                                       0x4a01 (size before relaxing)
 .debug_str     0x0000000000006df8      0x331 stm32f103c6_drivers/stm32f103c6_USART_driver.o
                                       0x5a0b (size before relaxing)

.comment        0x0000000000000000       0x7b
 .comment       0x0000000000000000       0x7b Src/main.o
                                         0x7c (size before relaxing)
 .comment       0x000000000000007b       0x7c stm32f103c6_drivers/stm32f01c6_RCC_driver.o
 .comment       0x000000000000007b       0x7c stm32f103c6_drivers/stm32f103c6_EXTI_driver.o
 .comment       0x000000000000007b       0x7c stm32f103c6_drivers/stm32f103c6_GPIO_driver.o
 .comment       0x000000000000007b       0x7c stm32f103c6_drivers/stm32f103c6_USART_driver.o

.debug_frame    0x0000000000000000      0x57c
 .debug_frame   0x0000000000000000       0x48 Src/main.o
 .debug_frame   0x0000000000000048       0xb4 stm32f103c6_drivers/stm32f01c6_RCC_driver.o
 .debug_frame   0x00000000000000fc      0x18c stm32f103c6_drivers/stm32f103c6_EXTI_driver.o
 .debug_frame   0x0000000000000288      0x178 stm32f103c6_drivers/stm32f103c6_GPIO_driver.o
 .debug_frame   0x0000000000000400      0x150 stm32f103c6_drivers/stm32f103c6_USART_driver.o
 .debug_frame   0x0000000000000550       0x2c c:/st/stm32cubeide_1.4.0/stm32cubeide/plugins/com.st.stm32cube.ide.mcu.externaltools.gnu-tools-for-stm32.7-2018-q2-update.win32_1.4.0.202007081208/tools/bin/../lib/gcc/arm-none-eabi/7.3.1/../../../../arm-none-eabi/lib/thumb/v7-m\libc_nano.a(lib_a-init.o)
